******************************************************************************
                  TI ARM Linker PC v15.12.3                    
******************************************************************************
>> Linked Tue Dec 06 23:53:16 2016

OUTPUT FILE NAME:   <testSD.out>
ENTRY POINT SYMBOL: "_c_int00"  address: 0000ed2c


MEMORY CONFIGURATION

         name            origin    length      used     unused   attr    fill
----------------------  --------  ---------  --------  --------  ----  --------
  VECTORS               00000000   00000020  00000020  00000000     X
  FLASH0                00000020   0013ffe0  00010640  0012f9a0  R  X
  STACKS                08000000   00001500  00000000  00001500  RW  
  RAM                   08001500   0002eb00  0000132a  0002d7d6  RW  


SEGMENT ALLOCATION MAP

run origin  load origin   length   init length attrs members
----------  ----------- ---------- ----------- ----- -------
00000000    00000000    00010664   00010664    r-x
  00000000    00000000    00000020   00000020    r-x .intvecs
  00000020    00000020    00010054   00010054    r-x .text
  00010074    00010074    00000448   00000448    r-- .const
  000104c0    000104c0    000001a4   000001a4    r-- .cinit
08001500    08001500    0000132c   00000000    rw-
  08001500    08001500    00000800   00000000    rw- .sysmem
  08001d00    08001d00    000007c2   00000000    rw- .bss
  080024c4    080024c4    00000368   00000000    rw- .data


SECTION ALLOCATION MAP

 output                                  attributes/
section   page    origin      length       input sections
--------  ----  ----------  ----------   ----------------
.intvecs   0    00000000    00000020     
                  00000000    00000020     sys_intvecs.obj (.intvecs)

.text      0    00000020    00010054     
                  00000020    00004d54     ff.obj (.text)
                  00004d74    00002cdc     sys_selftest.obj (.text)
                  00007a50    00000ea0     mmc-hercules.obj (.text)
                  000088f0    00000bdc     spi.obj (.text)
                  000094cc    00000b28     system.obj (.text)
                  00009ff4    00000ab8     sd_card.obj (.text)
                  0000aaac    00000a54     sys_vim.obj (.text)
                  0000b500    000008b8     pinmux.obj (.text)
                  0000bdb8    00000760     sci.obj (.text)
                  0000c518    00000728     uartstdio.obj (.text)
                  0000cc40    00000638     rti.obj (.text)
                  0000d278    000005e8     esm.obj (.text)
                  0000d860    00000484     gio.obj (.text)
                  0000dce4    000003e8     rtsv7R4_T_be_v3D16_eabi.lib : memory.obj (.text)
                  0000e0cc    0000034c     sys_core.obj (.text)
                  0000e418    00000324     rtsv7R4_T_be_v3D16_eabi.lib : trgdrv.obj (.text)
                  0000e73c    00000314                                 : lowlev.obj (.text)
                  0000ea50    000002dc     sys_vim.obj (.text:retain)
                  0000ed2c    0000027c     sys_startup.obj (.text:retain)
                  0000efa8    000001c8     rtsv7R4_T_be_v3D16_eabi.lib : fopen.obj (.text)
                  0000f170    00000138                                 : fputs.obj (.text)
                  0000f2a8    00000130     cmdline.obj (.text)
                  0000f3d8    00000114     esm.obj (.text:retain)
                  0000f4ec    000000e8     dabort.obj (.text)
                  0000f5d4    000000e0     sys_pmu.obj (.text)
                  0000f6b4    000000dc     rtsv7R4_T_be_v3D16_eabi.lib : setvbuf.obj (.text)
                  0000f790    000000d8     sys_main.obj (.text)
                  0000f868    000000d4     notification.obj (.text)
                  0000f93c    000000cc     rtsv7R4_T_be_v3D16_eabi.lib : fflush.obj (.text)
                  0000fa08    000000ae                                 : _io_perm.obj (.text)
                  0000fab6    0000009c                                 : memcpy_t2.obj (.text)
                  0000fb52    00000002                                 : i_div0.obj (.text)
                  0000fb54    00000098                                 : fclose.obj (.text)
                  0000fbec    0000007a                                 : memset_t2.obj (.text)
                  0000fc66    00000002                                 : startup.obj (.text)
                  0000fc68    00000070                                 : autoinit.obj (.text)
                  0000fcd8    0000006c                                 : trgmsg.obj (.text)
                  0000fd44    0000006a                                 : copy_decompress_rle.obj (.text)
                  0000fdae    00000002     --HOLE-- [fill = 0]
                  0000fdb0    00000064                                 : fseek.obj (.text)
                  0000fe14    00000050                                 : exit.obj (.text)
                  0000fe64    00000050                                 : u_div32.obj (.text)
                  0000feb4    0000004c     rti.obj (.text:retain)
                  0000ff00    0000004c     rtsv7R4_T_be_v3D16_eabi.lib : cpy_tbl.obj (.text)
                  0000ff4c    00000036                                 : strncpy.obj (.text)
                  0000ff82    00000002     --HOLE-- [fill = 0]
                  0000ff84    0000002c                                 : assert.obj (.text)
                  0000ffb0    00000020                                 : memchr.obj (.text)
                  0000ffd0    0000001e                                 : strcat.obj (.text)
                  0000ffee    00000018                                 : strcmp.obj (.text)
                  00010006    00000016                                 : strchr.obj (.text)
                  0001001c    00000016                                 : strlen.obj (.text)
                  00010032    00000002     --HOLE-- [fill = 0]
                  00010034    00000014                                 : _lock.obj (.text)
                  00010048    00000014                                 : strcpy.obj (.text)
                  0001005c    0000000e                                 : copy_decompress_none.obj (.text:decompress:none)
                  0001006a    00000006                                 : copy_decompress_rle.obj (.text:decompress:rle24)
                  00010070    00000004     sys_phantom.obj (.text:retain)

.const     0    00010074    00000448     
                  00010074    00000230     sd_card.obj (.const:.string)
                  000102a4    00000200     sys_vim.obj (.const:s_vim_init)
                  000104a4    00000014     uartstdio.obj (.const:.string)
                  000104b8    00000004     uartstdio.obj (.const)

.cinit     0    000104c0    000001a4     
                  000104c0    0000017f     (.cinit..data.load) [load image, compression = rle]
                  0001063f    00000001     --HOLE-- [fill = 0]
                  00010640    0000000b     (.cinit..bss.load) [load image, compression = rle]
                  0001064b    00000001     --HOLE-- [fill = 0]
                  0001064c    00000008     (__TI_handler_table)
                  00010654    00000010     (__TI_cinit_table)

.sysmem    0    08001500    00000800     UNINITIALIZED
                  08001500    00000008     rtsv7R4_T_be_v3D16_eabi.lib : memory.obj (.sysmem)
                  08001508    000007f8     --HOLE--

.bss       0    08001d00    000007c2     UNINITIALIZED
                  08001d00    00000230     sd_card.obj (.bss:g_sFatFs)
                  08001f30    00000228     sd_card.obj (.bss:g_sFileObject)
                  08002158    00000120     rtsv7R4_T_be_v3D16_eabi.lib : trgmsg.obj (.bss:_CIOBUF_)
                  08002278    000000a0     (.common:__TI_tmpnams)
                  08002318    00000078     spi.obj (.bss:g_spiPacket_t)
                  08002390    00000050     sd_card.obj (.bss:g_pcTmpBuf)
                  080023e0    00000040     sd_card.obj (.bss:g_pcCmdBuf)
                  08002420    0000002c     sd_card.obj (.bss:g_sDirObject)
                  0800244c    00000028     sci.obj (.bss:g_sciTransfer_t)
                  08002474    00000024     cmdline.obj (.bss:g_ppcArgv)
                  08002498    00000018     sd_card.obj (.bss:g_sFileInfo)
                  080024b0    00000008     rtsv7R4_T_be_v3D16_eabi.lib : trgdrv.obj (.bss:parmbuf)
                  080024b8    00000004     ff.obj (.bss:FatFs)
                  080024bc    00000003     mmc-hercules.obj (.bss)
                  080024bf    00000001     --HOLE--
                  080024c0    00000002     ff.obj (.bss)

.data      0    080024c4    00000368     UNINITIALIZED
                  080024c4    000000f0     rtsv7R4_T_be_v3D16_eabi.lib : defs.obj (.data:_ftable)
                  080025b4    000000d0                                 : lowlev.obj (.data:$O1$$)
                  08002684    000000a0     sd_card.obj (.data:g_psFResultStrings)
                  08002724    00000078     sd_card.obj (.data:g_psCmdTable)
                  0800279c    00000050     sd_card.obj (.data:g_pcCwdBuf)
                  080027ec    00000010     rtsv7R4_T_be_v3D16_eabi.lib : defs.obj (.data)
                  080027fc    0000000c                                 : exit.obj (.data:$O1$$)
                  08002808    0000000c                                 : memory.obj (.data:$O1$$)
                  08002814    0000000a     mmc-hercules.obj (.data)
                  0800281e    00000001     uartstdio.obj (.data)
                  0800281f    00000001     --HOLE--
                  08002820    00000008     rtsv7R4_T_be_v3D16_eabi.lib : _lock.obj (.data:$O1$$)
                  08002828    00000004                                 : fopen.obj (.data)

MODULE SUMMARY

       Module                     code    ro data   rw data
       ------                     ----    -------   -------
    .\HalCoGen\source\
       sys_selftest.obj           11484   0         0      
       sys_vim.obj                3376    512       0      
       spi.obj                    3036    0         120    
       system.obj                 2856    0         0      
       pinmux.obj                 2232    0         0      
       sci.obj                    1888    0         40     
       esm.obj                    1788    0         0      
       rti.obj                    1668    0         0      
       gio.obj                    1156    0         0      
       sys_core.obj               844     0         0      
       sys_startup.obj            636     0         0      
       dabort.obj                 232     0         0      
       sys_pmu.obj                224     0         0      
       sys_main.obj               216     0         0      
       notification.obj           212     0         0      
       sys_intvecs.obj            32      0         0      
       sys_phantom.obj            4       0         0      
    +--+--------------------------+-------+---------+---------+
       Total:                     31884   512       160    
                                                           
    .\SDCard\
       sd_card.obj                2744    560       1684   
       uartstdio.obj              1832    24        1      
       cmdline.obj                304     0         36     
    +--+--------------------------+-------+---------+---------+
       Total:                     4880    584       1721   
                                                           
    .\fatfs\port\
       mmc-hercules.obj           3744    0         13     
    +--+--------------------------+-------+---------+---------+
       Total:                     3744    0         13     
                                                           
    .\fatfs\src\
       ff.obj                     19796   0         6      
    +--+--------------------------+-------+---------+---------+
       Total:                     19796   0         6      
                                                           
    C:/ti/ccsv6/tools/compiler/arm_15.12.3.LTS/lib/rtsv7R4_T_be_v3D16_eabi.lib
       memory.obj                 1000    0         12     
       lowlev.obj                 788     0         208    
       trgdrv.obj                 804     0         8      
       fopen.obj                  456     0         4      
       defs.obj                   0       0         416    
       trgmsg.obj                 108     0         288    
       fputs.obj                  312     0         0      
       setvbuf.obj                220     0         0      
       fflush.obj                 204     0         0      
       _io_perm.obj               174     0         0      
       memcpy_t2.obj              156     0         0      
       fclose.obj                 152     0         0      
       memset_t2.obj              122     0         0      
       autoinit.obj               112     0         0      
       copy_decompress_rle.obj    112     0         0      
       fseek.obj                  100     0         0      
       exit.obj                   80      0         12     
       u_div32.obj                80      0         0      
       cpy_tbl.obj                76      0         0      
       strncpy.obj                54      0         0      
       assert.obj                 44      0         0      
       memchr.obj                 32      0         0      
       strcat.obj                 30      0         0      
       _lock.obj                  20      0         8      
       strcmp.obj                 24      0         0      
       strchr.obj                 22      0         0      
       strlen.obj                 22      0         0      
       strcpy.obj                 20      0         0      
       copy_decompress_none.obj   14      0         0      
       i_div0.obj                 2       0         0      
       startup.obj                2       0         0      
    +--+--------------------------+-------+---------+---------+
       Total:                     5342    0         956    
                                                           
       Heap:                      0       0         2048   
       Linker Generated:          0       418       0      
    +--+--------------------------+-------+---------+---------+
       Grand Total:               65646   1514      4904   


LINKER GENERATED COPY TABLES

__TI_cinit_table @ 00010654 records: 2, size/record: 8, table size: 16
	.data: load addr=000104c0, load size=0000017f bytes, run addr=080024c4, run size=00000368 bytes, compression=rle
	.bss: load addr=00010640, load size=0000000b bytes, run addr=08001d00, run size=000007c2 bytes, compression=rle


LINKER GENERATED HANDLER TABLE

__TI_handler_table @ 0001064c records: 2, size/record: 4, table size: 8
	index: 0, handler: __TI_decompress_rle24
	index: 1, handler: __TI_decompress_none


GLOBAL SYMBOLS: SORTED ALPHABETICALLY BY Name 

address   name                                
-------   ----                                
0000fe15  C$$EXIT                             
0000fd0b  C$$IO$$                             
0000f2a8  CmdLineProcess                      
0000a610  Cmd_append                          
0000a468  Cmd_cat                             
0000a2a4  Cmd_cd                              
0000a72c  Cmd_help                            
0000a068  Cmd_ls                              
0000a430  Cmd_pwd                             
0000e6ed  HOSTclock                           
0000e6b5  HOSTclose                           
0000e677  HOSTgetenv                          
0000e61d  HOSTlseek                           
0000e5cd  HOSTopen                            
0000e57f  HOSTread                            
0000e521  HOSTrename                          
0000e4e7  HOSTtime                            
0000e49d  HOSTtime64                          
0000e465  HOSTunlink                          
0000e419  HOSTwrite                           
0000cfac  IsdwdKeySequenceCorrect             
0000a7f8  SD_Test                             
UNDEFED   SHT$$INIT_ARRAY$$Base               
UNDEFED   SHT$$INIT_ARRAY$$Limit              
00007ad8  SPI_send                            
00009180  SpiRxStatus                         
000090f4  SpiTxStatus                         
00009ff4  StringFromFResult                   
0000a05c  SysTickHandler                      
0000c6c8  UARTgetc                            
0000c594  UARTgets                            
0000cbf0  UARTprintf                          
0000c6e4  UARTvprintf                         
0000c518  UARTwrite                           
08002158  __CIOBUF_                           
00000800  __SYSMEM_SIZE                       
00010654  __TI_CINIT_Base                     
00010664  __TI_CINIT_Limit                    
0001064c  __TI_Handler_Table_Base             
00010654  __TI_Handler_Table_Limit            
0000e410  __TI_PINIT_Base                     
0000e414  __TI_PINIT_Limit                    
0000fc69  __TI_auto_init                      
0000f073  __TI_cleanup                        
080027fc  __TI_cleanup_ptr                    
0000fb55  __TI_closefile                      
0001005d  __TI_decompress_none                
0001006b  __TI_decompress_rle24               
0000f93d  __TI_doflush                        
08002800  __TI_dtors_ptr                      
08002804  __TI_enable_exit_profile_output     
080027ec  __TI_ft_end                         
ffffffff  __TI_pprof_out_hndl                 
ffffffff  __TI_prof_data_size                 
ffffffff  __TI_prof_data_start                
0000fa6d  __TI_rd_ok                          
0000fd0f  __TI_readmsg                        
00000000  __TI_static_base__                  
08002278  __TI_tmpnams                        
0000fcd9  __TI_writemsg                       
0000fa09  __TI_wrt_ok                         
0000fb53  __aeabi_idiv0                       
0000fbed  __aeabi_memclr                      
0000fbed  __aeabi_memclr4                     
0000fbed  __aeabi_memclr8                     
0000fab7  __aeabi_memcpy                      
0000fab7  __aeabi_memcpy4                     
0000fab7  __aeabi_memcpy8                     
0000fbef  __aeabi_memset                      
0000fbef  __aeabi_memset4                     
0000fbef  __aeabi_memset8                     
080027f8  __aeabi_stderr                      
080027f0  __aeabi_stdin                       
080027f4  __aeabi_stdout                      
0000fe64  __aeabi_uidiv                       
0000fe64  __aeabi_uidivmod                    
ffffffff  __binit__                           
ffffffff  __c_args__                          
0000ff87  _abort_msg                          
0000ff9d  _assert                             
0000ed2c  _c_int00                            
0000e328  _coreClearAuxiliaryDataFault_       
0000e33c  _coreClearAuxiliaryInstructionFault_
0000e300  _coreClearDataFaultAddress_         
0000e2d8  _coreClearDataFault_                
0000e314  _coreClearInstructionFaultAddress_  
0000e2ec  _coreClearInstructionFault_         
0000e26c  _coreDisableEventBusExport_         
0000e2b0  _coreDisableFlashEcc_               
0000e28c  _coreDisableRamEcc_                 
0000e25c  _coreEnableEventBusExport_          
0000e29c  _coreEnableFlashEcc_                
0000e2c0  _coreEnableIrqVicOffset_            
0000e27c  _coreEnableRamEcc_                  
0000e244  _coreEnableVfp_                     
0000e320  _coreGetAuxiliaryDataFault_         
0000e334  _coreGetAuxiliaryInstructionFault_  
0000e2f8  _coreGetDataFaultAddress_           
0000e2d0  _coreGetDataFault_                  
0000e30c  _coreGetInstructionFaultAddress_    
0000e2e4  _coreGetInstructionFault_           
0000e0cc  _coreInitRegisters_                 
0000e1d8  _coreInitStackPointer_              
0000f4ec  _dabort                             
0000e350  _disable_FIQ_interrupt_             
0000e358  _disable_IRQ_interrupt_             
0000e348  _disable_interrupt_                 
0000e360  _enable_interrupt_                  
0000e3f0  _errata_CORTEXR4_57_                
0000e400  _errata_CORTEXR4_66_                
0000e368  _esmCcmErrorsClear_                 
080024c4  _ftable                             
0000e224  _getCPSRValue_                      
0000e22c  _gotoCPUIdle_                       
08002820  _lock                               
0000ff85  _nassert                            
00010043  _nop                                
0000f630  _pmuDisableCountersGlobal_          
0000f620  _pmuEnableCountersGlobal_           
0000f68c  _pmuGetCycleCount_                  
0000f694  _pmuGetEventCount_                  
0000f6a0  _pmuGetOverflow_                    
0000f5d4  _pmuInit_                           
0000f660  _pmuResetCounters_                  
0000f640  _pmuResetCycleCounter_              
0000f650  _pmuResetEventCounters_             
0000f680  _pmuSetCountEvent_                  
0000f670  _pmuStartCounters_                  
0000f678  _pmuStopCounters_                   
0001003b  _register_lock                      
00010035  _register_unlock                    
08002814  _spiPORT                            
08002818  _spiREG                             
08001500  _sys_memory                         
0000fc67  _system_post_cinit                  
08002824  _unlock                             
0000fe19  abort                               
00005fc0  adc1ParityCheck                     
000060ac  adc2ParityCheck                     
0000e9a5  add_device                          
ffffffff  binit                               
0000e097  calloc                              
00006164  can1ParityCheck                     
0000623c  can2ParityCheck                     
00006304  can3ParityCheck                     
00004d84  ccmSelfCheck                        
00007450  ccmr4GetConfigValue                 
0000568c  checkB0RAMECC                       
0000587c  checkB1RAMECC                       
0000696c  checkClockMonitor                   
00005a6c  checkFlashECC                       
00006a48  checkFlashEEPROMECC                 
00006be0  checkPLL1Slip                       
00006ce0  checkPLL2Slip                       
00006da4  checkRAMAddrParity                  
00006724  checkRAMECC                         
00006eb0  checkRAMUERRTest                    
00005510  checkefcSelfTest                    
0000e957  close                               
0000ff01  copy_in                             
00004f88  cpuSelfTest                         
00005b50  cpuSelfTestFail                     
00005b48  custom_dabort                       
000078ac  disableParity                       
00008004  disk_initialize                     
0000855c  disk_ioctl                          
000082c4  disk_read                           
00008298  disk_status                         
00008854  disk_timerproc                      
000083e4  disk_write                          
0000f928  dmaGroupANotification               
00005c00  dmaParityCheck                      
0000d014  dwdClearFlag                        
0000cf48  dwdCounterEnable                    
0000cf90  dwdGenerateSysReset                 
0000cfe0  dwdGetStatus                        
0000d024  dwdGetViolationStatus               
0000cecc  dwdInit                             
0000cf74  dwdReset                            
0000cf58  dwdSetPreload                       
0000cf3c  dwwdGetCurrentDownCounter           
0000cef4  dwwdInit                            
000053b4  efcCheck                            
000073b4  efcGetConfigValue                   
000054e8  efcSelfTest                         
0000543c  efcStuckZeroTest                    
00007824  enableParity                        
000074c0  errata_PBIST_4                      
0000d404  esmActivateNormalOperation          
0000d4e8  esmClearStatus                      
0000d534  esmClearStatusBuffer                
0000d3c8  esmDisableError                     
0000d440  esmDisableInterrupt                 
0000d39c  esmEnableError                      
0000d414  esmEnableInterrupt                  
0000d634  esmEnterSelfTest                    
0000d380  esmError                            
0000d70c  esmGetConfigValue                   
0000d570  esmGetStatus                        
0000d5fc  esmGetStatusBuffer                  
0000f868  esmGroup1Notification               
0000f878  esmGroup2Notification               
0000f3d8  esmHighInterrupt                    
0000d278  esmInit                             
0000d6bc  esmSelfTestStatus                   
0000d550  esmSetCounterPreloadValue           
0000d46c  esmSetInterruptLevel                
0000d3f4  esmTriggerErrorPinReset             
0000fe21  exit                                
000033fc  f_close                             
00003974  f_closedir                          
00003aec  f_getfree                           
0000458c  f_gets                              
0000344c  f_lseek                             
00004078  f_mkdir                             
000024d0  f_mount                             
0000259c  f_open                              
00003858  f_opendir                           
00004828  f_printf                            
0000479c  f_putc                              
000047d4  f_puts                              
00002a08  f_read                              
000039ac  f_readdir                           
00004360  f_rename                            
00003a64  f_stat                              
000032ac  f_sync                              
00003d28  f_truncate                          
00003efc  f_unlink                            
00002e00  f_write                             
0000fbbb  fclose                              
0000f989  fflush                              
00007018  fmcBus1ParityCheck                  
000055b0  fmcBus2Check                        
000055ec  fmcECCcheck                         
0000f0c9  fopen                               
0000f171  fputs                               
0000ddd7  free                                
0000f09f  freopen                             
0000fdb1  fseek                               
08002724  g_psCmdTable                        
08002684  g_psFResultStrings                  
000088c0  get_fattime                         
0000dac0  gioDisableNotification              
0000da58  gioEnableNotification               
0000d9c0  gioGetBit                           
0000db28  gioGetConfigValue                   
0000d9e8  gioGetPort                          
0000d860  gioInit                             
0000f8dc  gioNotification                     
0000d950  gioSetBit                           
0000d930  gioSetDirection                     
0000d9a0  gioSetPort                          
0000da00  gioToggleBit                        
00005cac  het1ParityCheck                     
00005e14  het2ParityCheck                     
00005d58  htu1ParityCheck                     
00005f10  htu2ParityCheck                     
0000e933  lseek                               
0000f790  main                                
0000dd6f  malloc                              
00009608  mapClocks                           
0000dfa9  memalign                            
0000ffb1  memchr                              
0000fab7  memcpy                              
00004ec8  memoryInit                          
0000f888  memoryPort0TestFailNotification     
0000f8a4  memoryPort1TestFailNotification     
0000fbf5  memset                              
000063d8  mibspi1ParityCheck                  
000064e0  mibspi3ParityCheck                  
00006604  mibspi5ParityCheck                  
0000dce5  minit                               
00007a50  mmcSelectSpi                        
0000b500  muxInit                             
0000e87d  open                                
0000a790  open_append                         
00007140  pbistFail                           
000071c4  pbistGetConfigValue                 
000052fc  pbistIsTestCompleted                
00005328  pbistIsTestPassed                   
0000535c  pbistPortTestStatus                 
00005200  pbistRun                            
00005020  pbistSelfCheck                      
000052cc  pbistStop                           
000095b4  periphInit                          
00010070  phantomInterrupt                    
0000b99c  pinmuxGetConfigValue                
0000f281  puts                                
0000e859  read                                
0000de99  realloc                             
0000e7d1  remove                              
0000e831  remove_device                       
0000e7f3  rename                              
00000000  resetEntry                          
0000feb4  rtiCompare3Interrupt                
0000d0d4  rtiDisableNotification              
0000d0ac  rtiEnableNotification               
0000d0f0  rtiGetConfigValue                   
0000ce40  rtiGetCurrentTick                   
0000ce18  rtiGetPeriod                        
0000cc40  rtiInit                             
0000f8c0  rtiNotification                     
0000cd8c  rtiResetCounter                     
0000cdf0  rtiSetPeriod                        
0000cd34  rtiStartCounter                     
0000cd60  rtiStopCounter                      
0000c268  sciDisableLoopback                  
0000c2f4  sciDisableNotification              
0000c234  sciEnableLoopback                   
0000c28c  sciEnableNotification               
0000bdb8  sciInit                             
0000c0e4  sciIsIdleDetected                   
0000c0c8  sciIsRxReady                        
0000bf48  sciIsTxReady                        
0000f8f0  sciNotification                     
0000c15c  sciReceive                          
0000c130  sciReceiveByte                      
0000c100  sciRxError                          
0000bf94  sciSend                             
0000bf64  sciSendByte                         
0000bec4  sciSetBaudrate                      
0000bea4  sciSetFunctional                    
0000c35c  scilinGetConfigValue                
00004d74  selftestFailNotification            
00009574  setupFlash                          
000094cc  setupPLL                            
0000f6b5  setvbuf                             
000092b8  spi1GetConfigValue                  
00009240  spiDisableLoopback                  
0000928c  spiDisableNotification              
0000920c  spiEnableLoopback                   
0000925c  spiEnableNotification               
0000f918  spiEndNotification                  
00008b5c  spiGetData                          
000088f0  spiInit                             
0000f904  spiNotification                     
00008a40  spiReceiveData                      
00008fb4  spiSendAndGetData                   
00008d80  spiSendData                         
00008a20  spiSetFunctional                    
00008e78  spiTransmitAndReceiveData           
00008c54  spiTransmitData                     
00009dec  sramGetConfigValue                  
00007310  stcGetConfigValue                   
00004f0c  stcSelfCheck                        
00005b4c  stcSelfCheckFail                    
0000ffd1  strcat                              
00010007  strchr                              
0000ffef  strcmp                              
00010049  strcpy                              
0001001d  strlen                              
0000ff4d  strncpy                             
0000982c  systemGetConfigValue                
00009730  systemInit                          
000097fc  systemPowerDown                     
00009c40  tcmflashGetConfigValue              
0000952c  trimLPO                             
0000e7d1  unlink                              
0000ab80  vimChannelMap                       
0000adec  vimDisableInterrupt                 
0000ac24  vimEnableInterrupt                  
0000ae98  vimGetConfigValue                   
0000aaac  vimInit                             
00005b54  vimParityCheck                      
0000ea50  vimParityErrorHandler               
0000e73d  write                               


GLOBAL SYMBOLS: SORTED BY Symbol Address 

address   name                                
-------   ----                                
00000000  __TI_static_base__                  
00000000  resetEntry                          
00000800  __SYSMEM_SIZE                       
000024d0  f_mount                             
0000259c  f_open                              
00002a08  f_read                              
00002e00  f_write                             
000032ac  f_sync                              
000033fc  f_close                             
0000344c  f_lseek                             
00003858  f_opendir                           
00003974  f_closedir                          
000039ac  f_readdir                           
00003a64  f_stat                              
00003aec  f_getfree                           
00003d28  f_truncate                          
00003efc  f_unlink                            
00004078  f_mkdir                             
00004360  f_rename                            
0000458c  f_gets                              
0000479c  f_putc                              
000047d4  f_puts                              
00004828  f_printf                            
00004d74  selftestFailNotification            
00004d84  ccmSelfCheck                        
00004ec8  memoryInit                          
00004f0c  stcSelfCheck                        
00004f88  cpuSelfTest                         
00005020  pbistSelfCheck                      
00005200  pbistRun                            
000052cc  pbistStop                           
000052fc  pbistIsTestCompleted                
00005328  pbistIsTestPassed                   
0000535c  pbistPortTestStatus                 
000053b4  efcCheck                            
0000543c  efcStuckZeroTest                    
000054e8  efcSelfTest                         
00005510  checkefcSelfTest                    
000055b0  fmcBus2Check                        
000055ec  fmcECCcheck                         
0000568c  checkB0RAMECC                       
0000587c  checkB1RAMECC                       
00005a6c  checkFlashECC                       
00005b48  custom_dabort                       
00005b4c  stcSelfCheckFail                    
00005b50  cpuSelfTestFail                     
00005b54  vimParityCheck                      
00005c00  dmaParityCheck                      
00005cac  het1ParityCheck                     
00005d58  htu1ParityCheck                     
00005e14  het2ParityCheck                     
00005f10  htu2ParityCheck                     
00005fc0  adc1ParityCheck                     
000060ac  adc2ParityCheck                     
00006164  can1ParityCheck                     
0000623c  can2ParityCheck                     
00006304  can3ParityCheck                     
000063d8  mibspi1ParityCheck                  
000064e0  mibspi3ParityCheck                  
00006604  mibspi5ParityCheck                  
00006724  checkRAMECC                         
0000696c  checkClockMonitor                   
00006a48  checkFlashEEPROMECC                 
00006be0  checkPLL1Slip                       
00006ce0  checkPLL2Slip                       
00006da4  checkRAMAddrParity                  
00006eb0  checkRAMUERRTest                    
00007018  fmcBus1ParityCheck                  
00007140  pbistFail                           
000071c4  pbistGetConfigValue                 
00007310  stcGetConfigValue                   
000073b4  efcGetConfigValue                   
00007450  ccmr4GetConfigValue                 
000074c0  errata_PBIST_4                      
00007824  enableParity                        
000078ac  disableParity                       
00007a50  mmcSelectSpi                        
00007ad8  SPI_send                            
00008004  disk_initialize                     
00008298  disk_status                         
000082c4  disk_read                           
000083e4  disk_write                          
0000855c  disk_ioctl                          
00008854  disk_timerproc                      
000088c0  get_fattime                         
000088f0  spiInit                             
00008a20  spiSetFunctional                    
00008a40  spiReceiveData                      
00008b5c  spiGetData                          
00008c54  spiTransmitData                     
00008d80  spiSendData                         
00008e78  spiTransmitAndReceiveData           
00008fb4  spiSendAndGetData                   
000090f4  SpiTxStatus                         
00009180  SpiRxStatus                         
0000920c  spiEnableLoopback                   
00009240  spiDisableLoopback                  
0000925c  spiEnableNotification               
0000928c  spiDisableNotification              
000092b8  spi1GetConfigValue                  
000094cc  setupPLL                            
0000952c  trimLPO                             
00009574  setupFlash                          
000095b4  periphInit                          
00009608  mapClocks                           
00009730  systemInit                          
000097fc  systemPowerDown                     
0000982c  systemGetConfigValue                
00009c40  tcmflashGetConfigValue              
00009dec  sramGetConfigValue                  
00009ff4  StringFromFResult                   
0000a05c  SysTickHandler                      
0000a068  Cmd_ls                              
0000a2a4  Cmd_cd                              
0000a430  Cmd_pwd                             
0000a468  Cmd_cat                             
0000a610  Cmd_append                          
0000a72c  Cmd_help                            
0000a790  open_append                         
0000a7f8  SD_Test                             
0000aaac  vimInit                             
0000ab80  vimChannelMap                       
0000ac24  vimEnableInterrupt                  
0000adec  vimDisableInterrupt                 
0000ae98  vimGetConfigValue                   
0000b500  muxInit                             
0000b99c  pinmuxGetConfigValue                
0000bdb8  sciInit                             
0000bea4  sciSetFunctional                    
0000bec4  sciSetBaudrate                      
0000bf48  sciIsTxReady                        
0000bf64  sciSendByte                         
0000bf94  sciSend                             
0000c0c8  sciIsRxReady                        
0000c0e4  sciIsIdleDetected                   
0000c100  sciRxError                          
0000c130  sciReceiveByte                      
0000c15c  sciReceive                          
0000c234  sciEnableLoopback                   
0000c268  sciDisableLoopback                  
0000c28c  sciEnableNotification               
0000c2f4  sciDisableNotification              
0000c35c  scilinGetConfigValue                
0000c518  UARTwrite                           
0000c594  UARTgets                            
0000c6c8  UARTgetc                            
0000c6e4  UARTvprintf                         
0000cbf0  UARTprintf                          
0000cc40  rtiInit                             
0000cd34  rtiStartCounter                     
0000cd60  rtiStopCounter                      
0000cd8c  rtiResetCounter                     
0000cdf0  rtiSetPeriod                        
0000ce18  rtiGetPeriod                        
0000ce40  rtiGetCurrentTick                   
0000cecc  dwdInit                             
0000cef4  dwwdInit                            
0000cf3c  dwwdGetCurrentDownCounter           
0000cf48  dwdCounterEnable                    
0000cf58  dwdSetPreload                       
0000cf74  dwdReset                            
0000cf90  dwdGenerateSysReset                 
0000cfac  IsdwdKeySequenceCorrect             
0000cfe0  dwdGetStatus                        
0000d014  dwdClearFlag                        
0000d024  dwdGetViolationStatus               
0000d0ac  rtiEnableNotification               
0000d0d4  rtiDisableNotification              
0000d0f0  rtiGetConfigValue                   
0000d278  esmInit                             
0000d380  esmError                            
0000d39c  esmEnableError                      
0000d3c8  esmDisableError                     
0000d3f4  esmTriggerErrorPinReset             
0000d404  esmActivateNormalOperation          
0000d414  esmEnableInterrupt                  
0000d440  esmDisableInterrupt                 
0000d46c  esmSetInterruptLevel                
0000d4e8  esmClearStatus                      
0000d534  esmClearStatusBuffer                
0000d550  esmSetCounterPreloadValue           
0000d570  esmGetStatus                        
0000d5fc  esmGetStatusBuffer                  
0000d634  esmEnterSelfTest                    
0000d6bc  esmSelfTestStatus                   
0000d70c  esmGetConfigValue                   
0000d860  gioInit                             
0000d930  gioSetDirection                     
0000d950  gioSetBit                           
0000d9a0  gioSetPort                          
0000d9c0  gioGetBit                           
0000d9e8  gioGetPort                          
0000da00  gioToggleBit                        
0000da58  gioEnableNotification               
0000dac0  gioDisableNotification              
0000db28  gioGetConfigValue                   
0000dce5  minit                               
0000dd6f  malloc                              
0000ddd7  free                                
0000de99  realloc                             
0000dfa9  memalign                            
0000e097  calloc                              
0000e0cc  _coreInitRegisters_                 
0000e1d8  _coreInitStackPointer_              
0000e224  _getCPSRValue_                      
0000e22c  _gotoCPUIdle_                       
0000e244  _coreEnableVfp_                     
0000e25c  _coreEnableEventBusExport_          
0000e26c  _coreDisableEventBusExport_         
0000e27c  _coreEnableRamEcc_                  
0000e28c  _coreDisableRamEcc_                 
0000e29c  _coreEnableFlashEcc_                
0000e2b0  _coreDisableFlashEcc_               
0000e2c0  _coreEnableIrqVicOffset_            
0000e2d0  _coreGetDataFault_                  
0000e2d8  _coreClearDataFault_                
0000e2e4  _coreGetInstructionFault_           
0000e2ec  _coreClearInstructionFault_         
0000e2f8  _coreGetDataFaultAddress_           
0000e300  _coreClearDataFaultAddress_         
0000e30c  _coreGetInstructionFaultAddress_    
0000e314  _coreClearInstructionFaultAddress_  
0000e320  _coreGetAuxiliaryDataFault_         
0000e328  _coreClearAuxiliaryDataFault_       
0000e334  _coreGetAuxiliaryInstructionFault_  
0000e33c  _coreClearAuxiliaryInstructionFault_
0000e348  _disable_interrupt_                 
0000e350  _disable_FIQ_interrupt_             
0000e358  _disable_IRQ_interrupt_             
0000e360  _enable_interrupt_                  
0000e368  _esmCcmErrorsClear_                 
0000e3f0  _errata_CORTEXR4_57_                
0000e400  _errata_CORTEXR4_66_                
0000e410  __TI_PINIT_Base                     
0000e414  __TI_PINIT_Limit                    
0000e419  HOSTwrite                           
0000e465  HOSTunlink                          
0000e49d  HOSTtime64                          
0000e4e7  HOSTtime                            
0000e521  HOSTrename                          
0000e57f  HOSTread                            
0000e5cd  HOSTopen                            
0000e61d  HOSTlseek                           
0000e677  HOSTgetenv                          
0000e6b5  HOSTclose                           
0000e6ed  HOSTclock                           
0000e73d  write                               
0000e7d1  remove                              
0000e7d1  unlink                              
0000e7f3  rename                              
0000e831  remove_device                       
0000e859  read                                
0000e87d  open                                
0000e933  lseek                               
0000e957  close                               
0000e9a5  add_device                          
0000ea50  vimParityErrorHandler               
0000ed2c  _c_int00                            
0000f073  __TI_cleanup                        
0000f09f  freopen                             
0000f0c9  fopen                               
0000f171  fputs                               
0000f281  puts                                
0000f2a8  CmdLineProcess                      
0000f3d8  esmHighInterrupt                    
0000f4ec  _dabort                             
0000f5d4  _pmuInit_                           
0000f620  _pmuEnableCountersGlobal_           
0000f630  _pmuDisableCountersGlobal_          
0000f640  _pmuResetCycleCounter_              
0000f650  _pmuResetEventCounters_             
0000f660  _pmuResetCounters_                  
0000f670  _pmuStartCounters_                  
0000f678  _pmuStopCounters_                   
0000f680  _pmuSetCountEvent_                  
0000f68c  _pmuGetCycleCount_                  
0000f694  _pmuGetEventCount_                  
0000f6a0  _pmuGetOverflow_                    
0000f6b5  setvbuf                             
0000f790  main                                
0000f868  esmGroup1Notification               
0000f878  esmGroup2Notification               
0000f888  memoryPort0TestFailNotification     
0000f8a4  memoryPort1TestFailNotification     
0000f8c0  rtiNotification                     
0000f8dc  gioNotification                     
0000f8f0  sciNotification                     
0000f904  spiNotification                     
0000f918  spiEndNotification                  
0000f928  dmaGroupANotification               
0000f93d  __TI_doflush                        
0000f989  fflush                              
0000fa09  __TI_wrt_ok                         
0000fa6d  __TI_rd_ok                          
0000fab7  __aeabi_memcpy                      
0000fab7  __aeabi_memcpy4                     
0000fab7  __aeabi_memcpy8                     
0000fab7  memcpy                              
0000fb53  __aeabi_idiv0                       
0000fb55  __TI_closefile                      
0000fbbb  fclose                              
0000fbed  __aeabi_memclr                      
0000fbed  __aeabi_memclr4                     
0000fbed  __aeabi_memclr8                     
0000fbef  __aeabi_memset                      
0000fbef  __aeabi_memset4                     
0000fbef  __aeabi_memset8                     
0000fbf5  memset                              
0000fc67  _system_post_cinit                  
0000fc69  __TI_auto_init                      
0000fcd9  __TI_writemsg                       
0000fd0b  C$$IO$$                             
0000fd0f  __TI_readmsg                        
0000fdb1  fseek                               
0000fe15  C$$EXIT                             
0000fe19  abort                               
0000fe21  exit                                
0000fe64  __aeabi_uidiv                       
0000fe64  __aeabi_uidivmod                    
0000feb4  rtiCompare3Interrupt                
0000ff01  copy_in                             
0000ff4d  strncpy                             
0000ff85  _nassert                            
0000ff87  _abort_msg                          
0000ff9d  _assert                             
0000ffb1  memchr                              
0000ffd1  strcat                              
0000ffef  strcmp                              
00010007  strchr                              
0001001d  strlen                              
00010035  _register_unlock                    
0001003b  _register_lock                      
00010043  _nop                                
00010049  strcpy                              
0001005d  __TI_decompress_none                
0001006b  __TI_decompress_rle24               
00010070  phantomInterrupt                    
0001064c  __TI_Handler_Table_Base             
00010654  __TI_CINIT_Base                     
00010654  __TI_Handler_Table_Limit            
00010664  __TI_CINIT_Limit                    
08001500  _sys_memory                         
08002158  __CIOBUF_                           
08002278  __TI_tmpnams                        
080024c4  _ftable                             
08002684  g_psFResultStrings                  
08002724  g_psCmdTable                        
080027ec  __TI_ft_end                         
080027f0  __aeabi_stdin                       
080027f4  __aeabi_stdout                      
080027f8  __aeabi_stderr                      
080027fc  __TI_cleanup_ptr                    
08002800  __TI_dtors_ptr                      
08002804  __TI_enable_exit_profile_output     
08002814  _spiPORT                            
08002818  _spiREG                             
08002820  _lock                               
08002824  _unlock                             
ffffffff  __TI_pprof_out_hndl                 
ffffffff  __TI_prof_data_size                 
ffffffff  __TI_prof_data_start                
ffffffff  __binit__                           
ffffffff  __c_args__                          
ffffffff  binit                               
UNDEFED   SHT$$INIT_ARRAY$$Base               
UNDEFED   SHT$$INIT_ARRAY$$Limit              

[366 symbols]
