<?xml version="1.0"?>
<link_info>
   <banner>TI ARM Linker PC v15.12.3.LTS</banner>
   <copyright>Copyright (c) 1996-2015 Texas Instruments Incorporated</copyright>
   <link_time>0x5847bfec</link_time>
   <link_errors>0x0</link_errors>
   <output_file>testSD.out</output_file>
   <entry_point>
      <name>_c_int00</name>
      <address>0xed2c</address>
   </entry_point>
   <input_file_list>
      <input_file id="fl-2">
         <path>.\HalCoGen\source\</path>
         <kind>object</kind>
         <file>dabort.obj</file>
         <name>dabort.obj</name>
      </input_file>
      <input_file id="fl-3">
         <path>.\HalCoGen\source\</path>
         <kind>object</kind>
         <file>esm.obj</file>
         <name>esm.obj</name>
      </input_file>
      <input_file id="fl-4">
         <path>.\HalCoGen\source\</path>
         <kind>object</kind>
         <file>gio.obj</file>
         <name>gio.obj</name>
      </input_file>
      <input_file id="fl-5">
         <path>.\HalCoGen\source\</path>
         <kind>object</kind>
         <file>notification.obj</file>
         <name>notification.obj</name>
      </input_file>
      <input_file id="fl-6">
         <path>.\HalCoGen\source\</path>
         <kind>object</kind>
         <file>pinmux.obj</file>
         <name>pinmux.obj</name>
      </input_file>
      <input_file id="fl-7">
         <path>.\HalCoGen\source\</path>
         <kind>object</kind>
         <file>rti.obj</file>
         <name>rti.obj</name>
      </input_file>
      <input_file id="fl-8">
         <path>.\HalCoGen\source\</path>
         <kind>object</kind>
         <file>sci.obj</file>
         <name>sci.obj</name>
      </input_file>
      <input_file id="fl-9">
         <path>.\HalCoGen\source\</path>
         <kind>object</kind>
         <file>spi.obj</file>
         <name>spi.obj</name>
      </input_file>
      <input_file id="fl-a">
         <path>.\HalCoGen\source\</path>
         <kind>object</kind>
         <file>sys_core.obj</file>
         <name>sys_core.obj</name>
      </input_file>
      <input_file id="fl-b">
         <path>.\HalCoGen\source\</path>
         <kind>object</kind>
         <file>sys_dma.obj</file>
         <name>sys_dma.obj</name>
      </input_file>
      <input_file id="fl-c">
         <path>.\HalCoGen\source\</path>
         <kind>object</kind>
         <file>sys_intvecs.obj</file>
         <name>sys_intvecs.obj</name>
      </input_file>
      <input_file id="fl-d">
         <path>.\HalCoGen\source\</path>
         <kind>object</kind>
         <file>sys_main.obj</file>
         <name>sys_main.obj</name>
      </input_file>
      <input_file id="fl-e">
         <path>.\HalCoGen\source\</path>
         <kind>object</kind>
         <file>sys_mpu.obj</file>
         <name>sys_mpu.obj</name>
      </input_file>
      <input_file id="fl-f">
         <path>.\HalCoGen\source\</path>
         <kind>object</kind>
         <file>sys_pcr.obj</file>
         <name>sys_pcr.obj</name>
      </input_file>
      <input_file id="fl-10">
         <path>.\HalCoGen\source\</path>
         <kind>object</kind>
         <file>sys_phantom.obj</file>
         <name>sys_phantom.obj</name>
      </input_file>
      <input_file id="fl-11">
         <path>.\HalCoGen\source\</path>
         <kind>object</kind>
         <file>sys_pmm.obj</file>
         <name>sys_pmm.obj</name>
      </input_file>
      <input_file id="fl-12">
         <path>.\HalCoGen\source\</path>
         <kind>object</kind>
         <file>sys_pmu.obj</file>
         <name>sys_pmu.obj</name>
      </input_file>
      <input_file id="fl-13">
         <path>.\HalCoGen\source\</path>
         <kind>object</kind>
         <file>sys_selftest.obj</file>
         <name>sys_selftest.obj</name>
      </input_file>
      <input_file id="fl-14">
         <path>.\HalCoGen\source\</path>
         <kind>object</kind>
         <file>sys_startup.obj</file>
         <name>sys_startup.obj</name>
      </input_file>
      <input_file id="fl-15">
         <path>.\HalCoGen\source\</path>
         <kind>object</kind>
         <file>sys_vim.obj</file>
         <name>sys_vim.obj</name>
      </input_file>
      <input_file id="fl-16">
         <path>.\HalCoGen\source\</path>
         <kind>object</kind>
         <file>system.obj</file>
         <name>system.obj</name>
      </input_file>
      <input_file id="fl-17">
         <path>.\SDCard\</path>
         <kind>object</kind>
         <file>Load_bmp.obj</file>
         <name>Load_bmp.obj</name>
      </input_file>
      <input_file id="fl-18">
         <path>.\SDCard\</path>
         <kind>object</kind>
         <file>cmdline.obj</file>
         <name>cmdline.obj</name>
      </input_file>
      <input_file id="fl-19">
         <path>.\SDCard\</path>
         <kind>object</kind>
         <file>sd_card.obj</file>
         <name>sd_card.obj</name>
      </input_file>
      <input_file id="fl-1a">
         <path>.\SDCard\</path>
         <kind>object</kind>
         <file>uartstdio.obj</file>
         <name>uartstdio.obj</name>
      </input_file>
      <input_file id="fl-1b">
         <path>.\fatfs\port\</path>
         <kind>object</kind>
         <file>mmc-hercules.obj</file>
         <name>mmc-hercules.obj</name>
      </input_file>
      <input_file id="fl-1c">
         <path>.\fatfs\src\</path>
         <kind>object</kind>
         <file>ff.obj</file>
         <name>ff.obj</name>
      </input_file>
      <input_file id="fl-21">
         <path>C:\ti\ccsv6\tools\compiler\arm_15.12.3.LTS\lib\</path>
         <kind>archive</kind>
         <file>rtsv7R4_T_be_v3D16_eabi.lib</file>
         <name>assert.obj</name>
      </input_file>
      <input_file id="fl-22">
         <path>C:\ti\ccsv6\tools\compiler\arm_15.12.3.LTS\lib\</path>
         <kind>archive</kind>
         <file>rtsv7R4_T_be_v3D16_eabi.lib</file>
         <name>autoinit.obj</name>
      </input_file>
      <input_file id="fl-23">
         <path>C:\ti\ccsv6\tools\compiler\arm_15.12.3.LTS\lib\</path>
         <kind>archive</kind>
         <file>rtsv7R4_T_be_v3D16_eabi.lib</file>
         <name>copy_decompress_none.obj</name>
      </input_file>
      <input_file id="fl-24">
         <path>C:\ti\ccsv6\tools\compiler\arm_15.12.3.LTS\lib\</path>
         <kind>archive</kind>
         <file>rtsv7R4_T_be_v3D16_eabi.lib</file>
         <name>copy_decompress_rle.obj</name>
      </input_file>
      <input_file id="fl-25">
         <path>C:\ti\ccsv6\tools\compiler\arm_15.12.3.LTS\lib\</path>
         <kind>archive</kind>
         <file>rtsv7R4_T_be_v3D16_eabi.lib</file>
         <name>copy_zero_init.obj</name>
      </input_file>
      <input_file id="fl-26">
         <path>C:\ti\ccsv6\tools\compiler\arm_15.12.3.LTS\lib\</path>
         <kind>archive</kind>
         <file>rtsv7R4_T_be_v3D16_eabi.lib</file>
         <name>cpy_tbl.obj</name>
      </input_file>
      <input_file id="fl-27">
         <path>C:\ti\ccsv6\tools\compiler\arm_15.12.3.LTS\lib\</path>
         <kind>archive</kind>
         <file>rtsv7R4_T_be_v3D16_eabi.lib</file>
         <name>defs.obj</name>
      </input_file>
      <input_file id="fl-28">
         <path>C:\ti\ccsv6\tools\compiler\arm_15.12.3.LTS\lib\</path>
         <kind>archive</kind>
         <file>rtsv7R4_T_be_v3D16_eabi.lib</file>
         <name>exit.obj</name>
      </input_file>
      <input_file id="fl-29">
         <path>C:\ti\ccsv6\tools\compiler\arm_15.12.3.LTS\lib\</path>
         <kind>archive</kind>
         <file>rtsv7R4_T_be_v3D16_eabi.lib</file>
         <name>fflush.obj</name>
      </input_file>
      <input_file id="fl-2a">
         <path>C:\ti\ccsv6\tools\compiler\arm_15.12.3.LTS\lib\</path>
         <kind>archive</kind>
         <file>rtsv7R4_T_be_v3D16_eabi.lib</file>
         <name>fputs.obj</name>
      </input_file>
      <input_file id="fl-2b">
         <path>C:\ti\ccsv6\tools\compiler\arm_15.12.3.LTS\lib\</path>
         <kind>archive</kind>
         <file>rtsv7R4_T_be_v3D16_eabi.lib</file>
         <name>lowlev.obj</name>
      </input_file>
      <input_file id="fl-2c">
         <path>C:\ti\ccsv6\tools\compiler\arm_15.12.3.LTS\lib\</path>
         <kind>archive</kind>
         <file>rtsv7R4_T_be_v3D16_eabi.lib</file>
         <name>memchr.obj</name>
      </input_file>
      <input_file id="fl-2d">
         <path>C:\ti\ccsv6\tools\compiler\arm_15.12.3.LTS\lib\</path>
         <kind>archive</kind>
         <file>rtsv7R4_T_be_v3D16_eabi.lib</file>
         <name>memcpy_t2.obj</name>
      </input_file>
      <input_file id="fl-2e">
         <path>C:\ti\ccsv6\tools\compiler\arm_15.12.3.LTS\lib\</path>
         <kind>archive</kind>
         <file>rtsv7R4_T_be_v3D16_eabi.lib</file>
         <name>memset_t2.obj</name>
      </input_file>
      <input_file id="fl-2f">
         <path>C:\ti\ccsv6\tools\compiler\arm_15.12.3.LTS\lib\</path>
         <kind>archive</kind>
         <file>rtsv7R4_T_be_v3D16_eabi.lib</file>
         <name>startup.obj</name>
      </input_file>
      <input_file id="fl-30">
         <path>C:\ti\ccsv6\tools\compiler\arm_15.12.3.LTS\lib\</path>
         <kind>archive</kind>
         <file>rtsv7R4_T_be_v3D16_eabi.lib</file>
         <name>strcat.obj</name>
      </input_file>
      <input_file id="fl-31">
         <path>C:\ti\ccsv6\tools\compiler\arm_15.12.3.LTS\lib\</path>
         <kind>archive</kind>
         <file>rtsv7R4_T_be_v3D16_eabi.lib</file>
         <name>strchr.obj</name>
      </input_file>
      <input_file id="fl-32">
         <path>C:\ti\ccsv6\tools\compiler\arm_15.12.3.LTS\lib\</path>
         <kind>archive</kind>
         <file>rtsv7R4_T_be_v3D16_eabi.lib</file>
         <name>strcmp.obj</name>
      </input_file>
      <input_file id="fl-33">
         <path>C:\ti\ccsv6\tools\compiler\arm_15.12.3.LTS\lib\</path>
         <kind>archive</kind>
         <file>rtsv7R4_T_be_v3D16_eabi.lib</file>
         <name>strcpy.obj</name>
      </input_file>
      <input_file id="fl-34">
         <path>C:\ti\ccsv6\tools\compiler\arm_15.12.3.LTS\lib\</path>
         <kind>archive</kind>
         <file>rtsv7R4_T_be_v3D16_eabi.lib</file>
         <name>strlen.obj</name>
      </input_file>
      <input_file id="fl-35">
         <path>C:\ti\ccsv6\tools\compiler\arm_15.12.3.LTS\lib\</path>
         <kind>archive</kind>
         <file>rtsv7R4_T_be_v3D16_eabi.lib</file>
         <name>strncpy.obj</name>
      </input_file>
      <input_file id="fl-36">
         <path>C:\ti\ccsv6\tools\compiler\arm_15.12.3.LTS\lib\</path>
         <kind>archive</kind>
         <file>rtsv7R4_T_be_v3D16_eabi.lib</file>
         <name>trgdrv.obj</name>
      </input_file>
      <input_file id="fl-37">
         <path>C:\ti\ccsv6\tools\compiler\arm_15.12.3.LTS\lib\</path>
         <kind>archive</kind>
         <file>rtsv7R4_T_be_v3D16_eabi.lib</file>
         <name>trgmsg.obj</name>
      </input_file>
      <input_file id="fl-38">
         <path>C:\ti\ccsv6\tools\compiler\arm_15.12.3.LTS\lib\</path>
         <kind>archive</kind>
         <file>rtsv7R4_T_be_v3D16_eabi.lib</file>
         <name>u_div32.obj</name>
      </input_file>
      <input_file id="fl-39">
         <path>C:\ti\ccsv6\tools\compiler\arm_15.12.3.LTS\lib\</path>
         <kind>archive</kind>
         <file>rtsv7R4_T_be_v3D16_eabi.lib</file>
         <name>_io_perm.obj</name>
      </input_file>
      <input_file id="fl-3a">
         <path>C:\ti\ccsv6\tools\compiler\arm_15.12.3.LTS\lib\</path>
         <kind>archive</kind>
         <file>rtsv7R4_T_be_v3D16_eabi.lib</file>
         <name>_lock.obj</name>
      </input_file>
      <input_file id="fl-3b">
         <path>C:\ti\ccsv6\tools\compiler\arm_15.12.3.LTS\lib\</path>
         <kind>archive</kind>
         <file>rtsv7R4_T_be_v3D16_eabi.lib</file>
         <name>fseek.obj</name>
      </input_file>
      <input_file id="fl-3c">
         <path>C:\ti\ccsv6\tools\compiler\arm_15.12.3.LTS\lib\</path>
         <kind>archive</kind>
         <file>rtsv7R4_T_be_v3D16_eabi.lib</file>
         <name>i_div0.obj</name>
      </input_file>
      <input_file id="fl-3d">
         <path>C:\ti\ccsv6\tools\compiler\arm_15.12.3.LTS\lib\</path>
         <kind>archive</kind>
         <file>rtsv7R4_T_be_v3D16_eabi.lib</file>
         <name>setvbuf.obj</name>
      </input_file>
      <input_file id="fl-3e">
         <path>C:\ti\ccsv6\tools\compiler\arm_15.12.3.LTS\lib\</path>
         <kind>archive</kind>
         <file>rtsv7R4_T_be_v3D16_eabi.lib</file>
         <name>fopen.obj</name>
      </input_file>
      <input_file id="fl-3f">
         <path>C:\ti\ccsv6\tools\compiler\arm_15.12.3.LTS\lib\</path>
         <kind>archive</kind>
         <file>rtsv7R4_T_be_v3D16_eabi.lib</file>
         <name>memory.obj</name>
      </input_file>
      <input_file id="fl-40">
         <path>C:\ti\ccsv6\tools\compiler\arm_15.12.3.LTS\lib\</path>
         <kind>archive</kind>
         <file>rtsv7R4_T_be_v3D16_eabi.lib</file>
         <name>fclose.obj</name>
      </input_file>
      <input_file id="fl-41">
         <path>C:\ti\ccsv6\tools\compiler\arm_15.12.3.LTS\lib\</path>
         <kind>archive</kind>
         <file>rtsv7R4_T_be_v3D16_eabi.lib</file>
         <name>remove.obj</name>
      </input_file>
   </input_file_list>
   <object_component_list>
      <object_component id="oc-33">
         <name>.intvecs</name>
         <load_address>0x0</load_address>
         <run_address>0x0</run_address>
         <size>0x20</size>
         <input_file_ref idref="fl-c"/>
      </object_component>
      <object_component id="oc-206">
         <name>.text</name>
         <load_address>0x20</load_address>
         <run_address>0x20</run_address>
         <size>0x4d54</size>
         <input_file_ref idref="fl-1c"/>
      </object_component>
      <object_component id="oc-7d">
         <name>.text</name>
         <load_address>0x4d74</load_address>
         <run_address>0x4d74</run_address>
         <size>0x2cdc</size>
         <input_file_ref idref="fl-13"/>
      </object_component>
      <object_component id="oc-118">
         <name>.text</name>
         <load_address>0x7a50</load_address>
         <run_address>0x7a50</run_address>
         <size>0xea0</size>
         <input_file_ref idref="fl-1b"/>
      </object_component>
      <object_component id="oc-1f3">
         <name>.text</name>
         <load_address>0x88f0</load_address>
         <run_address>0x88f0</run_address>
         <size>0xbdc</size>
         <input_file_ref idref="fl-9"/>
      </object_component>
      <object_component id="oc-77">
         <name>.text</name>
         <load_address>0x94cc</load_address>
         <run_address>0x94cc</run_address>
         <size>0xb28</size>
         <input_file_ref idref="fl-16"/>
      </object_component>
      <object_component id="oc-11e">
         <name>.text</name>
         <load_address>0x9ff4</load_address>
         <run_address>0x9ff4</run_address>
         <size>0xab8</size>
         <input_file_ref idref="fl-19"/>
      </object_component>
      <object_component id="oc-44">
         <name>.text</name>
         <load_address>0xaaac</load_address>
         <run_address>0xaaac</run_address>
         <size>0xa54</size>
         <input_file_ref idref="fl-15"/>
      </object_component>
      <object_component id="oc-dc">
         <name>.text</name>
         <load_address>0xb500</load_address>
         <run_address>0xb500</run_address>
         <size>0x8b8</size>
         <input_file_ref idref="fl-6"/>
      </object_component>
      <object_component id="oc-100">
         <name>.text</name>
         <load_address>0xbdb8</load_address>
         <run_address>0xbdb8</run_address>
         <size>0x760</size>
         <input_file_ref idref="fl-8"/>
      </object_component>
      <object_component id="oc-10c">
         <name>.text</name>
         <load_address>0xc518</load_address>
         <run_address>0xc518</run_address>
         <size>0x728</size>
         <input_file_ref idref="fl-1a"/>
      </object_component>
      <object_component id="oc-112">
         <name>.text</name>
         <load_address>0xcc40</load_address>
         <run_address>0xcc40</run_address>
         <size>0x638</size>
         <input_file_ref idref="fl-7"/>
      </object_component>
      <object_component id="oc-83">
         <name>.text</name>
         <load_address>0xd278</load_address>
         <run_address>0xd278</run_address>
         <size>0x5e8</size>
         <input_file_ref idref="fl-3"/>
      </object_component>
      <object_component id="oc-106">
         <name>.text</name>
         <load_address>0xd860</load_address>
         <run_address>0xd860</run_address>
         <size>0x484</size>
         <input_file_ref idref="fl-4"/>
      </object_component>
      <object_component id="oc-381">
         <name>.text</name>
         <load_address>0xdce4</load_address>
         <run_address>0xdce4</run_address>
         <size>0x3e8</size>
         <input_file_ref idref="fl-3f"/>
      </object_component>
      <object_component id="oc-72">
         <name>.text</name>
         <load_address>0xe0cc</load_address>
         <run_address>0xe0cc</run_address>
         <size>0x34c</size>
         <input_file_ref idref="fl-a"/>
      </object_component>
      <object_component id="oc-39a">
         <name>.text</name>
         <load_address>0xe418</load_address>
         <run_address>0xe418</run_address>
         <size>0x324</size>
         <input_file_ref idref="fl-36"/>
      </object_component>
      <object_component id="oc-319">
         <name>.text</name>
         <load_address>0xe73c</load_address>
         <run_address>0xe73c</run_address>
         <size>0x314</size>
         <input_file_ref idref="fl-2b"/>
      </object_component>
      <object_component id="oc-3e">
         <name>.text:retain</name>
         <load_address>0xea50</load_address>
         <run_address>0xea50</run_address>
         <size>0x2dc</size>
         <input_file_ref idref="fl-15"/>
      </object_component>
      <object_component id="oc-1e">
         <name>.text:retain</name>
         <load_address>0xed2c</load_address>
         <run_address>0xed2c</run_address>
         <size>0x27c</size>
         <input_file_ref idref="fl-14"/>
      </object_component>
      <object_component id="oc-387">
         <name>.text</name>
         <load_address>0xefa8</load_address>
         <run_address>0xefa8</run_address>
         <size>0x1c8</size>
         <input_file_ref idref="fl-3e"/>
      </object_component>
      <object_component id="oc-2a4">
         <name>.text</name>
         <load_address>0xf170</load_address>
         <run_address>0xf170</run_address>
         <size>0x138</size>
         <input_file_ref idref="fl-2a"/>
      </object_component>
      <object_component id="oc-22a">
         <name>.text</name>
         <load_address>0xf2a8</load_address>
         <run_address>0xf2a8</run_address>
         <size>0x130</size>
         <input_file_ref idref="fl-18"/>
      </object_component>
      <object_component id="oc-24">
         <name>.text:retain</name>
         <load_address>0xf3d8</load_address>
         <run_address>0xf3d8</run_address>
         <size>0x114</size>
         <input_file_ref idref="fl-3"/>
      </object_component>
      <object_component id="oc-ac">
         <name>.text</name>
         <load_address>0xf4ec</load_address>
         <run_address>0xf4ec</run_address>
         <size>0xe8</size>
         <input_file_ref idref="fl-2"/>
      </object_component>
      <object_component id="oc-e4">
         <name>.text</name>
         <load_address>0xf5d4</load_address>
         <run_address>0xf5d4</run_address>
         <size>0xe0</size>
         <input_file_ref idref="fl-12"/>
      </object_component>
      <object_component id="oc-355">
         <name>.text</name>
         <load_address>0xf6b4</load_address>
         <run_address>0xf6b4</run_address>
         <size>0xdc</size>
         <input_file_ref idref="fl-3d"/>
      </object_component>
      <object_component id="oc-8f">
         <name>.text</name>
         <load_address>0xf790</load_address>
         <run_address>0xf790</run_address>
         <size>0xd8</size>
         <input_file_ref idref="fl-d"/>
      </object_component>
      <object_component id="oc-9c">
         <name>.text</name>
         <load_address>0xf868</load_address>
         <run_address>0xf868</run_address>
         <size>0xd4</size>
         <input_file_ref idref="fl-5"/>
      </object_component>
      <object_component id="oc-2aa">
         <name>.text</name>
         <load_address>0xf93c</load_address>
         <run_address>0xf93c</run_address>
         <size>0xcc</size>
         <input_file_ref idref="fl-29"/>
      </object_component>
      <object_component id="oc-30d">
         <name>.text</name>
         <load_address>0xfa08</load_address>
         <run_address>0xfa08</run_address>
         <size>0xae</size>
         <input_file_ref idref="fl-39"/>
      </object_component>
      <object_component id="oc-4d">
         <name>.text</name>
         <load_address>0xfab6</load_address>
         <run_address>0xfab6</run_address>
         <size>0x9c</size>
         <input_file_ref idref="fl-2d"/>
      </object_component>
      <object_component id="oc-295">
         <name>.text</name>
         <load_address>0xfb52</load_address>
         <run_address>0xfb52</run_address>
         <size>0x2</size>
         <input_file_ref idref="fl-3c"/>
      </object_component>
      <object_component id="oc-3b4">
         <name>.text</name>
         <load_address>0xfb54</load_address>
         <run_address>0xfb54</run_address>
         <size>0x98</size>
         <input_file_ref idref="fl-40"/>
      </object_component>
      <object_component id="oc-66">
         <name>.text</name>
         <load_address>0xfbec</load_address>
         <run_address>0xfbec</run_address>
         <size>0x7a</size>
         <input_file_ref idref="fl-2e"/>
      </object_component>
      <object_component id="oc-f8">
         <name>.text</name>
         <load_address>0xfc66</load_address>
         <run_address>0xfc66</run_address>
         <size>0x2</size>
         <input_file_ref idref="fl-2f"/>
      </object_component>
      <object_component id="oc-89">
         <name>.text</name>
         <load_address>0xfc68</load_address>
         <run_address>0xfc68</run_address>
         <size>0x70</size>
         <input_file_ref idref="fl-22"/>
      </object_component>
      <object_component id="oc-3c1">
         <name>.text</name>
         <load_address>0xfcd8</load_address>
         <run_address>0xfcd8</run_address>
         <size>0x6c</size>
         <input_file_ref idref="fl-37"/>
      </object_component>
      <object_component id="oc-59">
         <name>.text</name>
         <load_address>0xfd44</load_address>
         <run_address>0xfd44</run_address>
         <size>0x6a</size>
         <input_file_ref idref="fl-24"/>
      </object_component>
      <object_component id="oc-34f">
         <name>.text</name>
         <load_address>0xfdb0</load_address>
         <run_address>0xfdb0</run_address>
         <size>0x64</size>
         <input_file_ref idref="fl-3b"/>
      </object_component>
      <object_component id="oc-95">
         <name>.text</name>
         <load_address>0xfe14</load_address>
         <run_address>0xfe14</run_address>
         <size>0x50</size>
         <input_file_ref idref="fl-28"/>
      </object_component>
      <object_component id="oc-1d6">
         <name>.text</name>
         <load_address>0xfe64</load_address>
         <run_address>0xfe64</run_address>
         <size>0x50</size>
         <input_file_ref idref="fl-38"/>
      </object_component>
      <object_component id="oc-2d">
         <name>.text:retain</name>
         <load_address>0xfeb4</load_address>
         <run_address>0xfeb4</run_address>
         <size>0x4c</size>
         <input_file_ref idref="fl-7"/>
      </object_component>
      <object_component id="oc-f2">
         <name>.text</name>
         <load_address>0xff00</load_address>
         <run_address>0xff00</run_address>
         <size>0x4c</size>
         <input_file_ref idref="fl-26"/>
      </object_component>
      <object_component id="oc-218">
         <name>.text</name>
         <load_address>0xff4c</load_address>
         <run_address>0xff4c</run_address>
         <size>0x36</size>
         <input_file_ref idref="fl-35"/>
      </object_component>
      <object_component id="oc-1ed">
         <name>.text</name>
         <load_address>0xff84</load_address>
         <run_address>0xff84</run_address>
         <size>0x2c</size>
         <input_file_ref idref="fl-21"/>
      </object_component>
      <object_component id="oc-313">
         <name>.text</name>
         <load_address>0xffb0</load_address>
         <run_address>0xffb0</run_address>
         <size>0x20</size>
         <input_file_ref idref="fl-2c"/>
      </object_component>
      <object_component id="oc-224">
         <name>.text</name>
         <load_address>0xffd0</load_address>
         <run_address>0xffd0</run_address>
         <size>0x1e</size>
         <input_file_ref idref="fl-30"/>
      </object_component>
      <object_component id="oc-21e">
         <name>.text</name>
         <load_address>0xffee</load_address>
         <run_address>0xffee</run_address>
         <size>0x18</size>
         <input_file_ref idref="fl-32"/>
      </object_component>
      <object_component id="oc-35f">
         <name>.text</name>
         <load_address>0x10006</load_address>
         <run_address>0x10006</run_address>
         <size>0x16</size>
         <input_file_ref idref="fl-31"/>
      </object_component>
      <object_component id="oc-212">
         <name>.text</name>
         <load_address>0x1001c</load_address>
         <run_address>0x1001c</run_address>
         <size>0x16</size>
         <input_file_ref idref="fl-34"/>
      </object_component>
      <object_component id="oc-24f">
         <name>.text</name>
         <load_address>0x10034</load_address>
         <run_address>0x10034</run_address>
         <size>0x14</size>
         <input_file_ref idref="fl-3a"/>
      </object_component>
      <object_component id="oc-20c">
         <name>.text</name>
         <load_address>0x10048</load_address>
         <run_address>0x10048</run_address>
         <size>0x14</size>
         <input_file_ref idref="fl-33"/>
      </object_component>
      <object_component id="oc-c">
         <name>.text:decompress:none</name>
         <load_address>0x1005c</load_address>
         <run_address>0x1005c</run_address>
         <size>0xe</size>
         <input_file_ref idref="fl-23"/>
      </object_component>
      <object_component id="oc-12">
         <name>.text:decompress:rle24</name>
         <load_address>0x1006a</load_address>
         <run_address>0x1006a</run_address>
         <size>0x6</size>
         <input_file_ref idref="fl-24"/>
      </object_component>
      <object_component id="oc-38">
         <name>.text:retain</name>
         <load_address>0x10070</load_address>
         <run_address>0x10070</run_address>
         <size>0x4</size>
         <input_file_ref idref="fl-10"/>
      </object_component>
      <object_component id="oc-2e1">
         <name>.const:.string</name>
         <load_address>0x10074</load_address>
         <run_address>0x10074</run_address>
         <size>0x230</size>
         <input_file_ref idref="fl-19"/>
      </object_component>
      <object_component id="oc-2a">
         <name>.const:s_vim_init</name>
         <load_address>0x102a4</load_address>
         <run_address>0x102a4</run_address>
         <size>0x200</size>
         <input_file_ref idref="fl-15"/>
      </object_component>
      <object_component id="oc-29c">
         <name>.const:.string</name>
         <load_address>0x104a4</load_address>
         <run_address>0x104a4</run_address>
         <size>0x14</size>
         <input_file_ref idref="fl-1a"/>
      </object_component>
      <object_component id="oc-1dc">
         <name>.const</name>
         <load_address>0x104b8</load_address>
         <run_address>0x104b8</run_address>
         <size>0x4</size>
         <input_file_ref idref="fl-1a"/>
      </object_component>
      <object_component id="oc-406">
         <name>.cinit..data.load</name>
         <load_address>0x104c0</load_address>
         <run_address>0x104c0</run_address>
         <size>0x17f</size>
      </object_component>
      <object_component id="oc-405">
         <name>.cinit..bss.load</name>
         <load_address>0x10640</load_address>
         <run_address>0x10640</run_address>
         <size>0xb</size>
      </object_component>
      <object_component id="oc-403">
         <name>__TI_handler_table</name>
         <load_address>0x1064c</load_address>
         <run_address>0x1064c</run_address>
         <size>0x8</size>
      </object_component>
      <object_component id="oc-404">
         <name>__TI_cinit_table</name>
         <load_address>0x10654</load_address>
         <run_address>0x10654</run_address>
         <size>0x10</size>
      </object_component>
      <object_component id="oc-1cf">
         <name>.bss:g_sciTransfer_t</name>
         <uninitialized>true</uninitialized>
         <run_address>0x800244c</run_address>
         <size>0x28</size>
         <input_file_ref idref="fl-8"/>
      </object_component>
      <object_component id="oc-2b5">
         <name>.bss:g_spiPacket_t</name>
         <uninitialized>true</uninitialized>
         <run_address>0x8002318</run_address>
         <size>0x78</size>
         <input_file_ref idref="fl-9"/>
      </object_component>
      <object_component id="oc-2dc">
         <name>.bss:g_ppcArgv</name>
         <uninitialized>true</uninitialized>
         <run_address>0x8002474</run_address>
         <size>0x24</size>
         <input_file_ref idref="fl-18"/>
      </object_component>
      <object_component id="oc-23c">
         <name>.bss:g_pcTmpBuf</name>
         <uninitialized>true</uninitialized>
         <run_address>0x8002390</run_address>
         <size>0x50</size>
         <input_file_ref idref="fl-19"/>
      </object_component>
      <object_component id="oc-248">
         <name>.bss:g_pcCmdBuf</name>
         <uninitialized>true</uninitialized>
         <run_address>0x80023e0</run_address>
         <size>0x40</size>
         <input_file_ref idref="fl-19"/>
      </object_component>
      <object_component id="oc-245">
         <name>.bss:g_sFatFs</name>
         <uninitialized>true</uninitialized>
         <run_address>0x8001d00</run_address>
         <size>0x230</size>
         <input_file_ref idref="fl-19"/>
      </object_component>
      <object_component id="oc-233">
         <name>.bss:g_sDirObject</name>
         <uninitialized>true</uninitialized>
         <run_address>0x8002420</run_address>
         <size>0x2c</size>
         <input_file_ref idref="fl-19"/>
      </object_component>
      <object_component id="oc-239">
         <name>.bss:g_sFileInfo</name>
         <uninitialized>true</uninitialized>
         <run_address>0x8002498</run_address>
         <size>0x18</size>
         <input_file_ref idref="fl-19"/>
      </object_component>
      <object_component id="oc-23f">
         <name>.bss:g_sFileObject</name>
         <uninitialized>true</uninitialized>
         <run_address>0x8001f30</run_address>
         <size>0x228</size>
         <input_file_ref idref="fl-19"/>
      </object_component>
      <object_component id="oc-1fc">
         <name>.bss</name>
         <uninitialized>true</uninitialized>
         <run_address>0x80024bc</run_address>
         <size>0x3</size>
         <input_file_ref idref="fl-1b"/>
      </object_component>
      <object_component id="oc-2c5">
         <name>.bss:FatFs</name>
         <uninitialized>true</uninitialized>
         <run_address>0x80024b8</run_address>
         <size>0x4</size>
         <input_file_ref idref="fl-1c"/>
      </object_component>
      <object_component id="oc-2c8">
         <name>.bss</name>
         <uninitialized>true</uninitialized>
         <run_address>0x80024c0</run_address>
         <size>0x2</size>
         <input_file_ref idref="fl-1c"/>
      </object_component>
      <object_component id="oc-3c7">
         <name>.bss:parmbuf</name>
         <uninitialized>true</uninitialized>
         <run_address>0x80024b0</run_address>
         <size>0x8</size>
         <input_file_ref idref="fl-36"/>
      </object_component>
      <object_component id="oc-3d8">
         <name>.bss:_CIOBUF_</name>
         <uninitialized>true</uninitialized>
         <run_address>0x8002158</run_address>
         <size>0x120</size>
         <input_file_ref idref="fl-37"/>
      </object_component>
      <object_component id="oc-3d3">
         <name>.common:__TI_tmpnams</name>
         <uninitialized>true</uninitialized>
         <run_address>0x8002278</run_address>
         <size>0xa0</size>
      </object_component>
      <object_component id="oc-236">
         <name>.data:g_pcCwdBuf</name>
         <load_address>0x800279c</load_address>
         <run_address>0x800279c</run_address>
         <size>0x50</size>
         <input_file_ref idref="fl-19"/>
      </object_component>
      <object_component id="oc-230">
         <name>.data:g_psFResultStrings</name>
         <load_address>0x8002684</load_address>
         <run_address>0x8002684</run_address>
         <size>0xa0</size>
         <input_file_ref idref="fl-19"/>
      </object_component>
      <object_component id="oc-242">
         <name>.data:g_psCmdTable</name>
         <load_address>0x8002724</load_address>
         <run_address>0x8002724</run_address>
         <size>0x78</size>
         <input_file_ref idref="fl-19"/>
      </object_component>
      <object_component id="oc-1db">
         <name>.data</name>
         <load_address>0x800281e</load_address>
         <run_address>0x800281e</run_address>
         <size>0x1</size>
         <input_file_ref idref="fl-1a"/>
      </object_component>
      <object_component id="oc-1f9">
         <name>.data</name>
         <load_address>0x8002814</load_address>
         <run_address>0x8002814</run_address>
         <size>0xa</size>
         <input_file_ref idref="fl-1b"/>
      </object_component>
      <object_component id="oc-2b0">
         <name>.data:_ftable</name>
         <load_address>0x80024c4</load_address>
         <run_address>0x80024c4</run_address>
         <size>0xf0</size>
         <input_file_ref idref="fl-27"/>
      </object_component>
      <object_component id="oc-321">
         <name>.data</name>
         <load_address>0x80027ec</load_address>
         <run_address>0x80027ec</run_address>
         <size>0x10</size>
         <input_file_ref idref="fl-27"/>
      </object_component>
      <object_component id="oc-125">
         <name>.data:$O1$$</name>
         <load_address>0x80027fc</load_address>
         <run_address>0x80027fc</run_address>
         <size>0xc</size>
         <input_file_ref idref="fl-28"/>
      </object_component>
      <object_component id="oc-365">
         <name>.data:$O1$$</name>
         <load_address>0x80025b4</load_address>
         <run_address>0x80025b4</run_address>
         <size>0xd0</size>
         <input_file_ref idref="fl-2b"/>
      </object_component>
      <object_component id="oc-128">
         <name>.data:$O1$$</name>
         <load_address>0x8002820</load_address>
         <run_address>0x8002820</run_address>
         <size>0x8</size>
         <input_file_ref idref="fl-3a"/>
      </object_component>
      <object_component id="oc-3ba">
         <name>.data</name>
         <load_address>0x8002828</load_address>
         <run_address>0x8002828</run_address>
         <size>0x4</size>
         <input_file_ref idref="fl-3e"/>
      </object_component>
      <object_component id="oc-3b0">
         <name>.data:$O1$$</name>
         <load_address>0x8002808</load_address>
         <run_address>0x8002808</run_address>
         <size>0xc</size>
         <input_file_ref idref="fl-3f"/>
      </object_component>
      <object_component id="oc-4a">
         <name>.sysmem</name>
         <uninitialized>true</uninitialized>
         <run_address>0x8001500</run_address>
         <size>0x8</size>
         <input_file_ref idref="fl-3f"/>
      </object_component>
      <object_component id="oc-407">
         <name>.sysmem</name>
         <uninitialized>true</uninitialized>
         <run_address>0x8001500</run_address>
         <size>0x0</size>
      </object_component>
      <object_component id="oc-ad">
         <name>.debug_info</name>
         <load_address>0x0</load_address>
         <run_address>0x0</run_address>
         <size>0x10a</size>
         <input_file_ref idref="fl-2"/>
      </object_component>
      <object_component id="oc-f1">
         <name>.debug_info</name>
         <load_address>0x10a</load_address>
         <run_address>0x10a</run_address>
         <size>0x1a1</size>
         <input_file_ref idref="fl-3"/>
      </object_component>
      <object_component id="oc-84">
         <name>.debug_info</name>
         <load_address>0x2ab</load_address>
         <run_address>0x2ab</run_address>
         <size>0xc5c</size>
         <input_file_ref idref="fl-3"/>
      </object_component>
      <object_component id="oc-25">
         <name>.debug_info</name>
         <load_address>0xf07</load_address>
         <run_address>0xf07</run_address>
         <size>0x19c</size>
         <input_file_ref idref="fl-3"/>
      </object_component>
      <object_component id="oc-141">
         <name>.debug_info</name>
         <load_address>0x10a3</load_address>
         <run_address>0x10a3</run_address>
         <size>0x4e9</size>
         <input_file_ref idref="fl-3"/>
      </object_component>
      <object_component id="oc-a3">
         <name>.debug_info</name>
         <load_address>0x158c</load_address>
         <run_address>0x158c</run_address>
         <size>0x157</size>
         <input_file_ref idref="fl-3"/>
      </object_component>
      <object_component id="oc-13a">
         <name>.debug_info</name>
         <load_address>0x16e3</load_address>
         <run_address>0x16e3</run_address>
         <size>0x8b</size>
         <input_file_ref idref="fl-3"/>
      </object_component>
      <object_component id="oc-b5">
         <name>.debug_info</name>
         <load_address>0x176e</load_address>
         <run_address>0x176e</run_address>
         <size>0x18c</size>
         <input_file_ref idref="fl-3"/>
      </object_component>
      <object_component id="oc-135">
         <name>.debug_info</name>
         <load_address>0x18fa</load_address>
         <run_address>0x18fa</run_address>
         <size>0x18b</size>
         <input_file_ref idref="fl-3"/>
      </object_component>
      <object_component id="oc-146">
         <name>.debug_info</name>
         <load_address>0x1a85</load_address>
         <run_address>0x1a85</run_address>
         <size>0x94</size>
         <input_file_ref idref="fl-3"/>
      </object_component>
      <object_component id="oc-ba">
         <name>.debug_info</name>
         <load_address>0x1b19</load_address>
         <run_address>0x1b19</run_address>
         <size>0x86</size>
         <input_file_ref idref="fl-3"/>
      </object_component>
      <object_component id="oc-14b">
         <name>.debug_info</name>
         <load_address>0x1b9f</load_address>
         <run_address>0x1b9f</run_address>
         <size>0x1de</size>
         <input_file_ref idref="fl-3"/>
      </object_component>
      <object_component id="oc-ec">
         <name>.debug_info</name>
         <load_address>0x1d7d</load_address>
         <run_address>0x1d7d</run_address>
         <size>0x129</size>
         <input_file_ref idref="fl-3"/>
      </object_component>
      <object_component id="oc-164">
         <name>.debug_info</name>
         <load_address>0x1ea6</load_address>
         <run_address>0x1ea6</run_address>
         <size>0x2d0</size>
         <input_file_ref idref="fl-3"/>
      </object_component>
      <object_component id="oc-1d5">
         <name>.debug_info</name>
         <load_address>0x2176</load_address>
         <run_address>0x2176</run_address>
         <size>0x124</size>
         <input_file_ref idref="fl-4"/>
      </object_component>
      <object_component id="oc-108">
         <name>.debug_info</name>
         <load_address>0x229a</load_address>
         <run_address>0x229a</run_address>
         <size>0x796</size>
         <input_file_ref idref="fl-4"/>
      </object_component>
      <object_component id="oc-155">
         <name>.debug_info</name>
         <load_address>0x2a30</load_address>
         <run_address>0x2a30</run_address>
         <size>0x1f9</size>
         <input_file_ref idref="fl-4"/>
      </object_component>
      <object_component id="oc-290">
         <name>.debug_info</name>
         <load_address>0x2c29</load_address>
         <run_address>0x2c29</run_address>
         <size>0x12a</size>
         <input_file_ref idref="fl-4"/>
      </object_component>
      <object_component id="oc-12f">
         <name>.debug_info</name>
         <load_address>0x2d53</load_address>
         <run_address>0x2d53</run_address>
         <size>0x387</size>
         <input_file_ref idref="fl-5"/>
      </object_component>
      <object_component id="oc-9d">
         <name>.debug_info</name>
         <load_address>0x30da</load_address>
         <run_address>0x30da</run_address>
         <size>0x9d9</size>
         <input_file_ref idref="fl-5"/>
      </object_component>
      <object_component id="oc-17f">
         <name>.debug_info</name>
         <load_address>0x3ab3</load_address>
         <run_address>0x3ab3</run_address>
         <size>0x791</size>
         <input_file_ref idref="fl-5"/>
      </object_component>
      <object_component id="oc-184">
         <name>.debug_info</name>
         <load_address>0x4244</load_address>
         <run_address>0x4244</run_address>
         <size>0x4de</size>
         <input_file_ref idref="fl-5"/>
      </object_component>
      <object_component id="oc-189">
         <name>.debug_info</name>
         <load_address>0x4722</load_address>
         <run_address>0x4722</run_address>
         <size>0x3ce</size>
         <input_file_ref idref="fl-5"/>
      </object_component>
      <object_component id="oc-25d">
         <name>.debug_info</name>
         <load_address>0x4af0</load_address>
         <run_address>0x4af0</run_address>
         <size>0x306</size>
         <input_file_ref idref="fl-5"/>
      </object_component>
      <object_component id="oc-262">
         <name>.debug_info</name>
         <load_address>0x4df6</load_address>
         <run_address>0x4df6</run_address>
         <size>0x7cd</size>
         <input_file_ref idref="fl-5"/>
      </object_component>
      <object_component id="oc-130">
         <name>.debug_info</name>
         <load_address>0x55c3</load_address>
         <run_address>0x55c3</run_address>
         <size>0x673</size>
         <input_file_ref idref="fl-5"/>
      </object_component>
      <object_component id="oc-2ba">
         <name>.debug_info</name>
         <load_address>0x5c36</load_address>
         <run_address>0x5c36</run_address>
         <size>0x375</size>
         <input_file_ref idref="fl-5"/>
      </object_component>
      <object_component id="oc-d3">
         <name>.debug_info</name>
         <load_address>0x5fab</load_address>
         <run_address>0x5fab</run_address>
         <size>0x2c</size>
         <input_file_ref idref="fl-5"/>
      </object_component>
      <object_component id="oc-18e">
         <name>.debug_info</name>
         <load_address>0x5fd7</load_address>
         <run_address>0x5fd7</run_address>
         <size>0x437</size>
         <input_file_ref idref="fl-5"/>
      </object_component>
      <object_component id="oc-1b9">
         <name>.debug_info</name>
         <load_address>0x640e</load_address>
         <run_address>0x640e</run_address>
         <size>0x37b</size>
         <input_file_ref idref="fl-5"/>
      </object_component>
      <object_component id="oc-1e7">
         <name>.debug_info</name>
         <load_address>0x6789</load_address>
         <run_address>0x6789</run_address>
         <size>0x1d4</size>
         <input_file_ref idref="fl-5"/>
      </object_component>
      <object_component id="oc-193">
         <name>.debug_info</name>
         <load_address>0x695d</load_address>
         <run_address>0x695d</run_address>
         <size>0x1ca</size>
         <input_file_ref idref="fl-5"/>
      </object_component>
      <object_component id="oc-150">
         <name>.debug_info</name>
         <load_address>0x6b27</load_address>
         <run_address>0x6b27</run_address>
         <size>0x435</size>
         <input_file_ref idref="fl-5"/>
      </object_component>
      <object_component id="oc-1ac">
         <name>.debug_info</name>
         <load_address>0x6f5c</load_address>
         <run_address>0x6f5c</run_address>
         <size>0x551</size>
         <input_file_ref idref="fl-5"/>
      </object_component>
      <object_component id="oc-198">
         <name>.debug_info</name>
         <load_address>0x74ad</load_address>
         <run_address>0x74ad</run_address>
         <size>0x3d3</size>
         <input_file_ref idref="fl-5"/>
      </object_component>
      <object_component id="oc-1a2">
         <name>.debug_info</name>
         <load_address>0x7880</load_address>
         <run_address>0x7880</run_address>
         <size>0x1de</size>
         <input_file_ref idref="fl-5"/>
      </object_component>
      <object_component id="oc-267">
         <name>.debug_info</name>
         <load_address>0x7a5e</load_address>
         <run_address>0x7a5e</run_address>
         <size>0x243</size>
         <input_file_ref idref="fl-5"/>
      </object_component>
      <object_component id="oc-289">
         <name>.debug_info</name>
         <load_address>0x7ca1</load_address>
         <run_address>0x7ca1</run_address>
         <size>0x18e</size>
         <input_file_ref idref="fl-5"/>
      </object_component>
      <object_component id="oc-26c">
         <name>.debug_info</name>
         <load_address>0x7e2f</load_address>
         <run_address>0x7e2f</run_address>
         <size>0x26c</size>
         <input_file_ref idref="fl-5"/>
      </object_component>
      <object_component id="oc-1b1">
         <name>.debug_info</name>
         <load_address>0x809b</load_address>
         <run_address>0x809b</run_address>
         <size>0x17a</size>
         <input_file_ref idref="fl-5"/>
      </object_component>
      <object_component id="oc-15a">
         <name>.debug_info</name>
         <load_address>0x8215</load_address>
         <run_address>0x8215</run_address>
         <size>0x6a6</size>
         <input_file_ref idref="fl-5"/>
      </object_component>
      <object_component id="oc-15f">
         <name>.debug_info</name>
         <load_address>0x88bb</load_address>
         <run_address>0x88bb</run_address>
         <size>0x13e</size>
         <input_file_ref idref="fl-5"/>
      </object_component>
      <object_component id="oc-17c">
         <name>.debug_info</name>
         <load_address>0x89f9</load_address>
         <run_address>0x89f9</run_address>
         <size>0x10b</size>
         <input_file_ref idref="fl-6"/>
      </object_component>
      <object_component id="oc-e0">
         <name>.debug_info</name>
         <load_address>0x8b04</load_address>
         <run_address>0x8b04</run_address>
         <size>0x20c</size>
         <input_file_ref idref="fl-6"/>
      </object_component>
      <object_component id="oc-19d">
         <name>.debug_info</name>
         <load_address>0x8d10</load_address>
         <run_address>0x8d10</run_address>
         <size>0x508</size>
         <input_file_ref idref="fl-6"/>
      </object_component>
      <object_component id="oc-273">
         <name>.debug_info</name>
         <load_address>0x9218</load_address>
         <run_address>0x9218</run_address>
         <size>0x43c</size>
         <input_file_ref idref="fl-6"/>
      </object_component>
      <object_component id="oc-1ec">
         <name>.debug_info</name>
         <load_address>0x9654</load_address>
         <run_address>0x9654</run_address>
         <size>0x174</size>
         <input_file_ref idref="fl-7"/>
      </object_component>
      <object_component id="oc-114">
         <name>.debug_info</name>
         <load_address>0x97c8</load_address>
         <run_address>0x97c8</run_address>
         <size>0xea0</size>
         <input_file_ref idref="fl-7"/>
      </object_component>
      <object_component id="oc-2f">
         <name>.debug_info</name>
         <load_address>0xa668</load_address>
         <run_address>0xa668</run_address>
         <size>0x156</size>
         <input_file_ref idref="fl-7"/>
      </object_component>
      <object_component id="oc-1d3">
         <name>.debug_info</name>
         <load_address>0xa7be</load_address>
         <run_address>0xa7be</run_address>
         <size>0x150</size>
         <input_file_ref idref="fl-8"/>
      </object_component>
      <object_component id="oc-1d0">
         <name>.debug_info</name>
         <load_address>0xa90e</load_address>
         <run_address>0xa90e</run_address>
         <size>0xe9</size>
         <input_file_ref idref="fl-8"/>
      </object_component>
      <object_component id="oc-102">
         <name>.debug_info</name>
         <load_address>0xa9f7</load_address>
         <run_address>0xa9f7</run_address>
         <size>0xc45</size>
         <input_file_ref idref="fl-8"/>
      </object_component>
      <object_component id="oc-284">
         <name>.debug_info</name>
         <load_address>0xb63c</load_address>
         <run_address>0xb63c</run_address>
         <size>0x91</size>
         <input_file_ref idref="fl-8"/>
      </object_component>
      <object_component id="oc-2b9">
         <name>.debug_info</name>
         <load_address>0xb6cd</load_address>
         <run_address>0xb6cd</run_address>
         <size>0x15b</size>
         <input_file_ref idref="fl-9"/>
      </object_component>
      <object_component id="oc-2b6">
         <name>.debug_info</name>
         <load_address>0xb828</load_address>
         <run_address>0xb828</run_address>
         <size>0xe5</size>
         <input_file_ref idref="fl-9"/>
      </object_component>
      <object_component id="oc-1f7">
         <name>.debug_info</name>
         <load_address>0xb90d</load_address>
         <run_address>0xb90d</run_address>
         <size>0x1088</size>
         <input_file_ref idref="fl-9"/>
      </object_component>
      <object_component id="oc-335">
         <name>.debug_info</name>
         <load_address>0xc995</load_address>
         <run_address>0xc995</run_address>
         <size>0xb9</size>
         <input_file_ref idref="fl-9"/>
      </object_component>
      <object_component id="oc-73">
         <name>.debug_info</name>
         <load_address>0xca4e</load_address>
         <run_address>0xca4e</run_address>
         <size>0x90d</size>
         <input_file_ref idref="fl-a"/>
      </object_component>
      <object_component id="oc-36">
         <name>.debug_info</name>
         <load_address>0xd35b</load_address>
         <run_address>0xd35b</run_address>
         <size>0x112</size>
         <input_file_ref idref="fl-c"/>
      </object_component>
      <object_component id="oc-2a1">
         <name>.debug_info</name>
         <load_address>0xd46d</load_address>
         <run_address>0xd46d</run_address>
         <size>0x2e3</size>
         <input_file_ref idref="fl-d"/>
      </object_component>
      <object_component id="oc-91">
         <name>.debug_info</name>
         <load_address>0xd750</load_address>
         <run_address>0xd750</run_address>
         <size>0x20e</size>
         <input_file_ref idref="fl-d"/>
      </object_component>
      <object_component id="oc-1e1">
         <name>.debug_info</name>
         <load_address>0xd95e</load_address>
         <run_address>0xd95e</run_address>
         <size>0x4e</size>
         <input_file_ref idref="fl-d"/>
      </object_component>
      <object_component id="oc-278">
         <name>.debug_info</name>
         <load_address>0xd9ac</load_address>
         <run_address>0xd9ac</run_address>
         <size>0x12a</size>
         <input_file_ref idref="fl-f"/>
      </object_component>
      <object_component id="oc-305">
         <name>.debug_info</name>
         <load_address>0xdad6</load_address>
         <run_address>0xdad6</run_address>
         <size>0x242</size>
         <input_file_ref idref="fl-f"/>
      </object_component>
      <object_component id="oc-1a7">
         <name>.debug_info</name>
         <load_address>0xdd18</load_address>
         <run_address>0xdd18</run_address>
         <size>0x2af</size>
         <input_file_ref idref="fl-f"/>
      </object_component>
      <object_component id="oc-39">
         <name>.debug_info</name>
         <load_address>0xdfc7</load_address>
         <run_address>0xdfc7</run_address>
         <size>0x14d</size>
         <input_file_ref idref="fl-10"/>
      </object_component>
      <object_component id="oc-e7">
         <name>.debug_info</name>
         <load_address>0xe114</load_address>
         <run_address>0xe114</run_address>
         <size>0x3d4</size>
         <input_file_ref idref="fl-12"/>
      </object_component>
      <object_component id="oc-ea">
         <name>.debug_info</name>
         <load_address>0xe4e8</load_address>
         <run_address>0xe4e8</run_address>
         <size>0x4fa</size>
         <input_file_ref idref="fl-13"/>
      </object_component>
      <object_component id="oc-7e">
         <name>.debug_info</name>
         <load_address>0xe9e2</load_address>
         <run_address>0xe9e2</run_address>
         <size>0x3247</size>
         <input_file_ref idref="fl-13"/>
      </object_component>
      <object_component id="oc-1f">
         <name>.debug_info</name>
         <load_address>0x11c29</load_address>
         <run_address>0x11c29</run_address>
         <size>0x5b8</size>
         <input_file_ref idref="fl-14"/>
      </object_component>
      <object_component id="oc-aa">
         <name>.debug_info</name>
         <load_address>0x121e1</load_address>
         <run_address>0x121e1</run_address>
         <size>0x306</size>
         <input_file_ref idref="fl-15"/>
      </object_component>
      <object_component id="oc-2b">
         <name>.debug_info</name>
         <load_address>0x124e7</load_address>
         <run_address>0x124e7</run_address>
         <size>0xe3</size>
         <input_file_ref idref="fl-15"/>
      </object_component>
      <object_component id="oc-45">
         <name>.debug_info</name>
         <load_address>0x125ca</load_address>
         <run_address>0x125ca</run_address>
         <size>0x4cf</size>
         <input_file_ref idref="fl-15"/>
      </object_component>
      <object_component id="oc-40">
         <name>.debug_info</name>
         <load_address>0x12a99</load_address>
         <run_address>0x12a99</run_address>
         <size>0x210</size>
         <input_file_ref idref="fl-15"/>
      </object_component>
      <object_component id="oc-169">
         <name>.debug_info</name>
         <load_address>0x12ca9</load_address>
         <run_address>0x12ca9</run_address>
         <size>0x4f</size>
         <input_file_ref idref="fl-15"/>
      </object_component>
      <object_component id="oc-e3">
         <name>.debug_info</name>
         <load_address>0x12cf8</load_address>
         <run_address>0x12cf8</run_address>
         <size>0x3a7</size>
         <input_file_ref idref="fl-16"/>
      </object_component>
      <object_component id="oc-78">
         <name>.debug_info</name>
         <load_address>0x1309f</load_address>
         <run_address>0x1309f</run_address>
         <size>0x7e8</size>
         <input_file_ref idref="fl-16"/>
      </object_component>
      <object_component id="oc-34e">
         <name>.debug_info</name>
         <load_address>0x13887</load_address>
         <run_address>0x13887</run_address>
         <size>0x2f1</size>
         <input_file_ref idref="fl-17"/>
      </object_component>
      <object_component id="oc-201">
         <name>.debug_info</name>
         <load_address>0x13b78</load_address>
         <run_address>0x13b78</run_address>
         <size>0x70</size>
         <input_file_ref idref="fl-17"/>
      </object_component>
      <object_component id="oc-2fb">
         <name>.debug_info</name>
         <load_address>0x13be8</load_address>
         <run_address>0x13be8</run_address>
         <size>0x7f</size>
         <input_file_ref idref="fl-17"/>
      </object_component>
      <object_component id="oc-37a">
         <name>.debug_info</name>
         <load_address>0x13c67</load_address>
         <run_address>0x13c67</run_address>
         <size>0x35</size>
         <input_file_ref idref="fl-17"/>
      </object_component>
      <object_component id="oc-2e0">
         <name>.debug_info</name>
         <load_address>0x13c9c</load_address>
         <run_address>0x13c9c</run_address>
         <size>0x18b</size>
         <input_file_ref idref="fl-18"/>
      </object_component>
      <object_component id="oc-2dd">
         <name>.debug_info</name>
         <load_address>0x13e27</load_address>
         <run_address>0x13e27</run_address>
         <size>0xd8</size>
         <input_file_ref idref="fl-18"/>
      </object_component>
      <object_component id="oc-22c">
         <name>.debug_info</name>
         <load_address>0x13eff</load_address>
         <run_address>0x13eff</run_address>
         <size>0x1d6</size>
         <input_file_ref idref="fl-18"/>
      </object_component>
      <object_component id="oc-24c">
         <name>.debug_info</name>
         <load_address>0x140d5</load_address>
         <run_address>0x140d5</run_address>
         <size>0x50b</size>
         <input_file_ref idref="fl-19"/>
      </object_component>
      <object_component id="oc-237">
         <name>.debug_info</name>
         <load_address>0x145e0</load_address>
         <run_address>0x145e0</run_address>
         <size>0xda</size>
         <input_file_ref idref="fl-19"/>
      </object_component>
      <object_component id="oc-23d">
         <name>.debug_info</name>
         <load_address>0x146ba</load_address>
         <run_address>0x146ba</run_address>
         <size>0xda</size>
         <input_file_ref idref="fl-19"/>
      </object_component>
      <object_component id="oc-249">
         <name>.debug_info</name>
         <load_address>0x14794</load_address>
         <run_address>0x14794</run_address>
         <size>0xda</size>
         <input_file_ref idref="fl-19"/>
      </object_component>
      <object_component id="oc-246">
         <name>.debug_info</name>
         <load_address>0x1486e</load_address>
         <run_address>0x1486e</run_address>
         <size>0xd6</size>
         <input_file_ref idref="fl-19"/>
      </object_component>
      <object_component id="oc-234">
         <name>.debug_info</name>
         <load_address>0x14944</load_address>
         <run_address>0x14944</run_address>
         <size>0xde</size>
         <input_file_ref idref="fl-19"/>
      </object_component>
      <object_component id="oc-23a">
         <name>.debug_info</name>
         <load_address>0x14a22</load_address>
         <run_address>0x14a22</run_address>
         <size>0xdc</size>
         <input_file_ref idref="fl-19"/>
      </object_component>
      <object_component id="oc-240">
         <name>.debug_info</name>
         <load_address>0x14afe</load_address>
         <run_address>0x14afe</run_address>
         <size>0xe0</size>
         <input_file_ref idref="fl-19"/>
      </object_component>
      <object_component id="oc-231">
         <name>.debug_info</name>
         <load_address>0x14bde</load_address>
         <run_address>0x14bde</run_address>
         <size>0xeb</size>
         <input_file_ref idref="fl-19"/>
      </object_component>
      <object_component id="oc-243">
         <name>.debug_info</name>
         <load_address>0x14cc9</load_address>
         <run_address>0x14cc9</run_address>
         <size>0xe0</size>
         <input_file_ref idref="fl-19"/>
      </object_component>
      <object_component id="oc-120">
         <name>.debug_info</name>
         <load_address>0x14da9</load_address>
         <run_address>0x14da9</run_address>
         <size>0xcc2</size>
         <input_file_ref idref="fl-19"/>
      </object_component>
      <object_component id="oc-2f6">
         <name>.debug_info</name>
         <load_address>0x15a6b</load_address>
         <run_address>0x15a6b</run_address>
         <size>0x5e</size>
         <input_file_ref idref="fl-19"/>
      </object_component>
      <object_component id="oc-1e0">
         <name>.debug_info</name>
         <load_address>0x15ac9</load_address>
         <run_address>0x15ac9</run_address>
         <size>0x19c</size>
         <input_file_ref idref="fl-1a"/>
      </object_component>
      <object_component id="oc-1dd">
         <name>.debug_info</name>
         <load_address>0x15c65</load_address>
         <run_address>0x15c65</run_address>
         <size>0xd6</size>
         <input_file_ref idref="fl-1a"/>
      </object_component>
      <object_component id="oc-10d">
         <name>.debug_info</name>
         <load_address>0x15d3b</load_address>
         <run_address>0x15d3b</run_address>
         <size>0x676</size>
         <input_file_ref idref="fl-1a"/>
      </object_component>
      <object_component id="oc-200">
         <name>.debug_info</name>
         <load_address>0x163b1</load_address>
         <run_address>0x163b1</run_address>
         <size>0x19d</size>
         <input_file_ref idref="fl-1b"/>
      </object_component>
      <object_component id="oc-1fa">
         <name>.debug_info</name>
         <load_address>0x1654e</load_address>
         <run_address>0x1654e</run_address>
         <size>0x139</size>
         <input_file_ref idref="fl-1b"/>
      </object_component>
      <object_component id="oc-1fd">
         <name>.debug_info</name>
         <load_address>0x16687</load_address>
         <run_address>0x16687</run_address>
         <size>0x117</size>
         <input_file_ref idref="fl-1b"/>
      </object_component>
      <object_component id="oc-119">
         <name>.debug_info</name>
         <load_address>0x1679e</load_address>
         <run_address>0x1679e</run_address>
         <size>0x159f</size>
         <input_file_ref idref="fl-1b"/>
      </object_component>
      <object_component id="oc-2cc">
         <name>.debug_info</name>
         <load_address>0x17d3d</load_address>
         <run_address>0x17d3d</run_address>
         <size>0x2d5</size>
         <input_file_ref idref="fl-1c"/>
      </object_component>
      <object_component id="oc-2c6">
         <name>.debug_info</name>
         <load_address>0x18012</load_address>
         <run_address>0x18012</run_address>
         <size>0xcf</size>
         <input_file_ref idref="fl-1c"/>
      </object_component>
      <object_component id="oc-2c9">
         <name>.debug_info</name>
         <load_address>0x180e1</load_address>
         <run_address>0x180e1</run_address>
         <size>0xcd</size>
         <input_file_ref idref="fl-1c"/>
      </object_component>
      <object_component id="oc-207">
         <name>.debug_info</name>
         <load_address>0x181ae</load_address>
         <run_address>0x181ae</run_address>
         <size>0x3b49</size>
         <input_file_ref idref="fl-1c"/>
      </object_component>
      <object_component id="oc-2cd">
         <name>.debug_info</name>
         <load_address>0x1bcf7</load_address>
         <run_address>0x1bcf7</run_address>
         <size>0x8c</size>
         <input_file_ref idref="fl-1c"/>
      </object_component>
      <object_component id="oc-cb">
         <name>.debug_info</name>
         <load_address>0x1bd83</load_address>
         <run_address>0x1bd83</run_address>
         <size>0x84</size>
         <input_file_ref idref="fl-1c"/>
      </object_component>
      <object_component id="oc-2b4">
         <name>.debug_info</name>
         <load_address>0x1be07</load_address>
         <run_address>0x1be07</run_address>
         <size>0x179</size>
         <input_file_ref idref="fl-21"/>
      </object_component>
      <object_component id="oc-1ee">
         <name>.debug_info</name>
         <load_address>0x1bf80</load_address>
         <run_address>0x1bf80</run_address>
         <size>0x25d</size>
         <input_file_ref idref="fl-21"/>
      </object_component>
      <object_component id="oc-32c">
         <name>.debug_info</name>
         <load_address>0x1c1dd</load_address>
         <run_address>0x1c1dd</run_address>
         <size>0xae</size>
         <input_file_ref idref="fl-21"/>
      </object_component>
      <object_component id="oc-ff">
         <name>.debug_info</name>
         <load_address>0x1c28b</load_address>
         <run_address>0x1c28b</run_address>
         <size>0x2ea</size>
         <input_file_ref idref="fl-22"/>
      </object_component>
      <object_component id="oc-8b">
         <name>.debug_info</name>
         <load_address>0x1c575</load_address>
         <run_address>0x1c575</run_address>
         <size>0x191</size>
         <input_file_ref idref="fl-22"/>
      </object_component>
      <object_component id="oc-1c5">
         <name>.debug_info</name>
         <load_address>0x1c706</load_address>
         <run_address>0x1c706</run_address>
         <size>0x39</size>
         <input_file_ref idref="fl-22"/>
      </object_component>
      <object_component id="oc-1ca">
         <name>.debug_info</name>
         <load_address>0x1c73f</load_address>
         <run_address>0x1c73f</run_address>
         <size>0xcd</size>
         <input_file_ref idref="fl-22"/>
      </object_component>
      <object_component id="oc-58">
         <name>.debug_info</name>
         <load_address>0x1c80c</load_address>
         <run_address>0x1c80c</run_address>
         <size>0x13c</size>
         <input_file_ref idref="fl-23"/>
      </object_component>
      <object_component id="oc-f">
         <name>.debug_info</name>
         <load_address>0x1c948</load_address>
         <run_address>0x1c948</run_address>
         <size>0x1cb</size>
         <input_file_ref idref="fl-23"/>
      </object_component>
      <object_component id="oc-53">
         <name>.debug_info</name>
         <load_address>0x1cb13</load_address>
         <run_address>0x1cb13</run_address>
         <size>0x46</size>
         <input_file_ref idref="fl-23"/>
      </object_component>
      <object_component id="oc-c4">
         <name>.debug_info</name>
         <load_address>0x1cb59</load_address>
         <run_address>0x1cb59</run_address>
         <size>0x2c</size>
         <input_file_ref idref="fl-23"/>
      </object_component>
      <object_component id="oc-60">
         <name>.debug_info</name>
         <load_address>0x1cb85</load_address>
         <run_address>0x1cb85</run_address>
         <size>0x135</size>
         <input_file_ref idref="fl-24"/>
      </object_component>
      <object_component id="oc-5a">
         <name>.debug_info</name>
         <load_address>0x1ccba</load_address>
         <run_address>0x1ccba</run_address>
         <size>0x248</size>
         <input_file_ref idref="fl-24"/>
      </object_component>
      <object_component id="oc-13">
         <name>.debug_info</name>
         <load_address>0x1cf02</load_address>
         <run_address>0x1cf02</run_address>
         <size>0x1b2</size>
         <input_file_ref idref="fl-24"/>
      </object_component>
      <object_component id="oc-61">
         <name>.debug_info</name>
         <load_address>0x1d0b4</load_address>
         <run_address>0x1d0b4</run_address>
         <size>0x39</size>
         <input_file_ref idref="fl-24"/>
      </object_component>
      <object_component id="oc-1c1">
         <name>.debug_info</name>
         <load_address>0x1d0ed</load_address>
         <run_address>0x1d0ed</run_address>
         <size>0x1e1</size>
         <input_file_ref idref="fl-26"/>
      </object_component>
      <object_component id="oc-f3">
         <name>.debug_info</name>
         <load_address>0x1d2ce</load_address>
         <run_address>0x1d2ce</run_address>
         <size>0x184</size>
         <input_file_ref idref="fl-26"/>
      </object_component>
      <object_component id="oc-27b">
         <name>.debug_info</name>
         <load_address>0x1d452</load_address>
         <run_address>0x1d452</run_address>
         <size>0x2c</size>
         <input_file_ref idref="fl-26"/>
      </object_component>
      <object_component id="oc-328">
         <name>.debug_info</name>
         <load_address>0x1d47e</load_address>
         <run_address>0x1d47e</run_address>
         <size>0x13a</size>
         <input_file_ref idref="fl-27"/>
      </object_component>
      <object_component id="oc-2b1">
         <name>.debug_info</name>
         <load_address>0x1d5b8</load_address>
         <run_address>0x1d5b8</run_address>
         <size>0xf8</size>
         <input_file_ref idref="fl-27"/>
      </object_component>
      <object_component id="oc-322">
         <name>.debug_info</name>
         <load_address>0x1d6b0</load_address>
         <run_address>0x1d6b0</run_address>
         <size>0x185</size>
         <input_file_ref idref="fl-27"/>
      </object_component>
      <object_component id="oc-12c">
         <name>.debug_info</name>
         <load_address>0x1d835</load_address>
         <run_address>0x1d835</run_address>
         <size>0x235</size>
         <input_file_ref idref="fl-28"/>
      </object_component>
      <object_component id="oc-126">
         <name>.debug_info</name>
         <load_address>0x1da6a</load_address>
         <run_address>0x1da6a</run_address>
         <size>0x186</size>
         <input_file_ref idref="fl-28"/>
      </object_component>
      <object_component id="oc-96">
         <name>.debug_info</name>
         <load_address>0x1dbf0</load_address>
         <run_address>0x1dbf0</run_address>
         <size>0x215</size>
         <input_file_ref idref="fl-28"/>
      </object_component>
      <object_component id="oc-325">
         <name>.debug_info</name>
         <load_address>0x1de05</load_address>
         <run_address>0x1de05</run_address>
         <size>0x1a3</size>
         <input_file_ref idref="fl-29"/>
      </object_component>
      <object_component id="oc-2ad">
         <name>.debug_info</name>
         <load_address>0x1dfa8</load_address>
         <run_address>0x1dfa8</run_address>
         <size>0x262</size>
         <input_file_ref idref="fl-29"/>
      </object_component>
      <object_component id="oc-320">
         <name>.debug_info</name>
         <load_address>0x1e20a</load_address>
         <run_address>0x1e20a</run_address>
         <size>0x2a3</size>
         <input_file_ref idref="fl-2a"/>
      </object_component>
      <object_component id="oc-2a5">
         <name>.debug_info</name>
         <load_address>0x1e4ad</load_address>
         <run_address>0x1e4ad</run_address>
         <size>0x35a</size>
         <input_file_ref idref="fl-2a"/>
      </object_component>
      <object_component id="oc-369">
         <name>.debug_info</name>
         <load_address>0x1e807</load_address>
         <run_address>0x1e807</run_address>
         <size>0x4a1</size>
         <input_file_ref idref="fl-2b"/>
      </object_component>
      <object_component id="oc-366">
         <name>.debug_info</name>
         <load_address>0x1eca8</load_address>
         <run_address>0x1eca8</run_address>
         <size>0x117</size>
         <input_file_ref idref="fl-2b"/>
      </object_component>
      <object_component id="oc-31b">
         <name>.debug_info</name>
         <load_address>0x1edbf</load_address>
         <run_address>0x1edbf</run_address>
         <size>0xb0c</size>
         <input_file_ref idref="fl-2b"/>
      </object_component>
      <object_component id="oc-3a9">
         <name>.debug_info</name>
         <load_address>0x1f8cb</load_address>
         <run_address>0x1f8cb</run_address>
         <size>0x120</size>
         <input_file_ref idref="fl-2b"/>
      </object_component>
      <object_component id="oc-3a4">
         <name>.debug_info</name>
         <load_address>0x1f9eb</load_address>
         <run_address>0x1f9eb</run_address>
         <size>0x2c</size>
         <input_file_ref idref="fl-2b"/>
      </object_component>
      <object_component id="oc-36b">
         <name>.debug_info</name>
         <load_address>0x1fa17</load_address>
         <run_address>0x1fa17</run_address>
         <size>0x2c</size>
         <input_file_ref idref="fl-2b"/>
      </object_component>
      <object_component id="oc-35e">
         <name>.debug_info</name>
         <load_address>0x1fa43</load_address>
         <run_address>0x1fa43</run_address>
         <size>0x101</size>
         <input_file_ref idref="fl-2c"/>
      </object_component>
      <object_component id="oc-314">
         <name>.debug_info</name>
         <load_address>0x1fb44</load_address>
         <run_address>0x1fb44</run_address>
         <size>0x243</size>
         <input_file_ref idref="fl-2c"/>
      </object_component>
      <object_component id="oc-50">
         <name>.debug_info</name>
         <load_address>0x1fd87</load_address>
         <run_address>0x1fd87</run_address>
         <size>0x112</size>
         <input_file_ref idref="fl-2d"/>
      </object_component>
      <object_component id="oc-68">
         <name>.debug_info</name>
         <load_address>0x1fe99</load_address>
         <run_address>0x1fe99</run_address>
         <size>0x140</size>
         <input_file_ref idref="fl-2e"/>
      </object_component>
      <object_component id="oc-fa">
         <name>.debug_info</name>
         <load_address>0x1ffd9</load_address>
         <run_address>0x1ffd9</run_address>
         <size>0x146</size>
         <input_file_ref idref="fl-2f"/>
      </object_component>
      <object_component id="oc-2db">
         <name>.debug_info</name>
         <load_address>0x2011f</load_address>
         <run_address>0x2011f</run_address>
         <size>0xf1</size>
         <input_file_ref idref="fl-30"/>
      </object_component>
      <object_component id="oc-226">
         <name>.debug_info</name>
         <load_address>0x20210</load_address>
         <run_address>0x20210</run_address>
         <size>0x24a</size>
         <input_file_ref idref="fl-30"/>
      </object_component>
      <object_component id="oc-399">
         <name>.debug_info</name>
         <load_address>0x2045a</load_address>
         <run_address>0x2045a</run_address>
         <size>0xf6</size>
         <input_file_ref idref="fl-31"/>
      </object_component>
      <object_component id="oc-362">
         <name>.debug_info</name>
         <load_address>0x20550</load_address>
         <run_address>0x20550</run_address>
         <size>0x245</size>
         <input_file_ref idref="fl-31"/>
      </object_component>
      <object_component id="oc-2d9">
         <name>.debug_info</name>
         <load_address>0x20795</load_address>
         <run_address>0x20795</run_address>
         <size>0xe6</size>
         <input_file_ref idref="fl-32"/>
      </object_component>
      <object_component id="oc-21f">
         <name>.debug_info</name>
         <load_address>0x2087b</load_address>
         <run_address>0x2087b</run_address>
         <size>0x259</size>
         <input_file_ref idref="fl-32"/>
      </object_component>
      <object_component id="oc-2d3">
         <name>.debug_info</name>
         <load_address>0x20ad4</load_address>
         <run_address>0x20ad4</run_address>
         <size>0xf1</size>
         <input_file_ref idref="fl-33"/>
      </object_component>
      <object_component id="oc-210">
         <name>.debug_info</name>
         <load_address>0x20bc5</load_address>
         <run_address>0x20bc5</run_address>
         <size>0x232</size>
         <input_file_ref idref="fl-33"/>
      </object_component>
      <object_component id="oc-2d5">
         <name>.debug_info</name>
         <load_address>0x20df7</load_address>
         <run_address>0x20df7</run_address>
         <size>0xeb</size>
         <input_file_ref idref="fl-34"/>
      </object_component>
      <object_component id="oc-216">
         <name>.debug_info</name>
         <load_address>0x20ee2</load_address>
         <run_address>0x20ee2</run_address>
         <size>0x22b</size>
         <input_file_ref idref="fl-34"/>
      </object_component>
      <object_component id="oc-2d7">
         <name>.debug_info</name>
         <load_address>0x2110d</load_address>
         <run_address>0x2110d</run_address>
         <size>0xf7</size>
         <input_file_ref idref="fl-35"/>
      </object_component>
      <object_component id="oc-219">
         <name>.debug_info</name>
         <load_address>0x21204</load_address>
         <run_address>0x21204</run_address>
         <size>0x25a</size>
         <input_file_ref idref="fl-35"/>
      </object_component>
      <object_component id="oc-3cb">
         <name>.debug_info</name>
         <load_address>0x2145e</load_address>
         <run_address>0x2145e</run_address>
         <size>0x250</size>
         <input_file_ref idref="fl-36"/>
      </object_component>
      <object_component id="oc-3c8">
         <name>.debug_info</name>
         <load_address>0x216ae</load_address>
         <run_address>0x216ae</run_address>
         <size>0xf9</size>
         <input_file_ref idref="fl-36"/>
      </object_component>
      <object_component id="oc-39b">
         <name>.debug_info</name>
         <load_address>0x217a7</load_address>
         <run_address>0x217a7</run_address>
         <size>0xaba</size>
         <input_file_ref idref="fl-36"/>
      </object_component>
[...]
      </symbol>
      <symbol id="sm-89d">
         <name>UARTvprintf</name>
         <value>0xc6e4</value>
         <object_component_ref idref="oc-10c"/>
      </symbol>
      <symbol id="sm-958">
         <name>get_fattime</name>
         <value>0x88c0</value>
         <object_component_ref idref="oc-118"/>
      </symbol>
      <symbol id="sm-959">
         <name>disk_status</name>
         <value>0x8298</value>
         <object_component_ref idref="oc-118"/>
      </symbol>
      <symbol id="sm-95a">
         <name>SPI_send</name>
         <value>0x7ad8</value>
         <object_component_ref idref="oc-118"/>
      </symbol>
      <symbol id="sm-95b">
         <name>_spiREG</name>
         <value>0x8002818</value>
         <object_component_ref idref="oc-1f9"/>
      </symbol>
      <symbol id="sm-95c">
         <name>disk_timerproc</name>
         <value>0x8854</value>
         <object_component_ref idref="oc-118"/>
      </symbol>
      <symbol id="sm-95d">
         <name>disk_read</name>
         <value>0x82c4</value>
         <object_component_ref idref="oc-118"/>
      </symbol>
      <symbol id="sm-95e">
         <name>disk_initialize</name>
         <value>0x8004</value>
         <object_component_ref idref="oc-118"/>
      </symbol>
      <symbol id="sm-95f">
         <name>mmcSelectSpi</name>
         <value>0x7a50</value>
         <object_component_ref idref="oc-118"/>
      </symbol>
      <symbol id="sm-960">
         <name>disk_ioctl</name>
         <value>0x855c</value>
         <object_component_ref idref="oc-118"/>
      </symbol>
      <symbol id="sm-961">
         <name>disk_write</name>
         <value>0x83e4</value>
         <object_component_ref idref="oc-118"/>
      </symbol>
      <symbol id="sm-962">
         <name>_spiPORT</name>
         <value>0x8002814</value>
         <object_component_ref idref="oc-1f9"/>
      </symbol>
      <symbol id="sm-b93">
         <name>f_getfree</name>
         <value>0x3aec</value>
         <object_component_ref idref="oc-206"/>
      </symbol>
      <symbol id="sm-b94">
         <name>f_read</name>
         <value>0x2a08</value>
         <object_component_ref idref="oc-206"/>
      </symbol>
      <symbol id="sm-b95">
         <name>f_unlink</name>
         <value>0x3efc</value>
         <object_component_ref idref="oc-206"/>
      </symbol>
      <symbol id="sm-b96">
         <name>f_closedir</name>
         <value>0x3974</value>
         <object_component_ref idref="oc-206"/>
      </symbol>
      <symbol id="sm-b97">
         <name>f_mkdir</name>
         <value>0x4078</value>
         <object_component_ref idref="oc-206"/>
      </symbol>
      <symbol id="sm-b98">
         <name>f_sync</name>
         <value>0x32ac</value>
         <object_component_ref idref="oc-206"/>
      </symbol>
      <symbol id="sm-b99">
         <name>f_printf</name>
         <value>0x4828</value>
         <object_component_ref idref="oc-206"/>
      </symbol>
      <symbol id="sm-b9a">
         <name>f_write</name>
         <value>0x2e00</value>
         <object_component_ref idref="oc-206"/>
      </symbol>
      <symbol id="sm-b9b">
         <name>f_opendir</name>
         <value>0x3858</value>
         <object_component_ref idref="oc-206"/>
      </symbol>
      <symbol id="sm-b9c">
         <name>f_truncate</name>
         <value>0x3d28</value>
         <object_component_ref idref="oc-206"/>
      </symbol>
      <symbol id="sm-b9d">
         <name>f_close</name>
         <value>0x33fc</value>
         <object_component_ref idref="oc-206"/>
      </symbol>
      <symbol id="sm-b9e">
         <name>f_rename</name>
         <value>0x4360</value>
         <object_component_ref idref="oc-206"/>
      </symbol>
      <symbol id="sm-b9f">
         <name>f_open</name>
         <value>0x259c</value>
         <object_component_ref idref="oc-206"/>
      </symbol>
      <symbol id="sm-ba0">
         <name>f_lseek</name>
         <value>0x344c</value>
         <object_component_ref idref="oc-206"/>
      </symbol>
      <symbol id="sm-ba1">
         <name>f_putc</name>
         <value>0x479c</value>
         <object_component_ref idref="oc-206"/>
      </symbol>
      <symbol id="sm-ba2">
         <name>f_puts</name>
         <value>0x47d4</value>
         <object_component_ref idref="oc-206"/>
      </symbol>
      <symbol id="sm-ba3">
         <name>f_gets</name>
         <value>0x458c</value>
         <object_component_ref idref="oc-206"/>
      </symbol>
      <symbol id="sm-ba4">
         <name>f_stat</name>
         <value>0x3a64</value>
         <object_component_ref idref="oc-206"/>
      </symbol>
      <symbol id="sm-ba5">
         <name>f_mount</name>
         <value>0x24d0</value>
         <object_component_ref idref="oc-206"/>
      </symbol>
      <symbol id="sm-ba6">
         <name>f_readdir</name>
         <value>0x39ac</value>
         <object_component_ref idref="oc-206"/>
      </symbol>
      <symbol id="sm-bbd">
         <name>_nassert</name>
         <value>0xff85</value>
         <object_component_ref idref="oc-1ed"/>
      </symbol>
      <symbol id="sm-bbe">
         <name>_assert</name>
         <value>0xff9d</value>
         <object_component_ref idref="oc-1ed"/>
      </symbol>
      <symbol id="sm-bbf">
         <name>_abort_msg</name>
         <value>0xff87</value>
         <object_component_ref idref="oc-1ed"/>
      </symbol>
      <symbol id="sm-be4">
         <name>__TI_auto_init</name>
         <value>0xfc69</value>
         <object_component_ref idref="oc-89"/>
      </symbol>
      <symbol id="sm-bfb">
         <name>__TI_decompress_none</name>
         <value>0x1005d</value>
         <object_component_ref idref="oc-c"/>
      </symbol>
      <symbol id="sm-c1d">
         <name>__TI_decompress_rle24</name>
         <value>0x1006b</value>
         <object_component_ref idref="oc-12"/>
      </symbol>
      <symbol id="sm-c38">
         <name>copy_in</name>
         <value>0xff01</value>
         <object_component_ref idref="oc-f2"/>
      </symbol>
      <symbol id="sm-c4d">
         <name>__TI_tmpnams</name>
         <value>0x8002278</value>
      </symbol>
      <symbol id="sm-c4e">
         <name>__aeabi_stdout</name>
         <value>0x80027f4</value>
         <object_component_ref idref="oc-321"/>
      </symbol>
      <symbol id="sm-c4f">
         <name>__aeabi_stderr</name>
         <value>0x80027f8</value>
         <object_component_ref idref="oc-321"/>
      </symbol>
      <symbol id="sm-c50">
         <name>__aeabi_stdin</name>
         <value>0x80027f0</value>
         <object_component_ref idref="oc-321"/>
      </symbol>
      <symbol id="sm-c51">
         <name>_ftable</name>
         <value>0x80024c4</value>
         <object_component_ref idref="oc-2b0"/>
      </symbol>
      <symbol id="sm-c52">
         <name>__TI_ft_end</name>
         <value>0x80027ec</value>
         <object_component_ref idref="oc-321"/>
      </symbol>
      <symbol id="sm-c73">
         <name>C$$EXIT</name>
         <value>0xfe15</value>
         <object_component_ref idref="oc-95"/>
      </symbol>
      <symbol id="sm-c74">
         <name>abort</name>
         <value>0xfe19</value>
         <object_component_ref idref="oc-95"/>
      </symbol>
      <symbol id="sm-c75">
         <name>exit</name>
         <value>0xfe21</value>
         <object_component_ref idref="oc-95"/>
      </symbol>
      <symbol id="sm-c76">
         <name>__TI_dtors_ptr</name>
         <value>0x8002800</value>
         <object_component_ref idref="oc-125"/>
      </symbol>
      <symbol id="sm-c77">
         <name>__TI_cleanup_ptr</name>
         <value>0x80027fc</value>
         <object_component_ref idref="oc-125"/>
      </symbol>
      <symbol id="sm-c78">
         <name>__TI_enable_exit_profile_output</name>
         <value>0x8002804</value>
         <object_component_ref idref="oc-125"/>
      </symbol>
      <symbol id="sm-c93">
         <name>__TI_doflush</name>
         <value>0xf93d</value>
         <object_component_ref idref="oc-2aa"/>
      </symbol>
      <symbol id="sm-c94">
         <name>fflush</name>
         <value>0xf989</value>
         <object_component_ref idref="oc-2aa"/>
      </symbol>
      <symbol id="sm-cb6">
         <name>puts</name>
         <value>0xf281</value>
         <object_component_ref idref="oc-2a4"/>
      </symbol>
      <symbol id="sm-cb7">
         <name>fputs</name>
         <value>0xf171</value>
         <object_component_ref idref="oc-2a4"/>
      </symbol>
      <symbol id="sm-d09">
         <name>open</name>
         <value>0xe87d</value>
         <object_component_ref idref="oc-319"/>
      </symbol>
      <symbol id="sm-d0a">
         <name>add_device</name>
         <value>0xe9a5</value>
         <object_component_ref idref="oc-319"/>
      </symbol>
      <symbol id="sm-d0b">
         <name>remove_device</name>
         <value>0xe831</value>
         <object_component_ref idref="oc-319"/>
      </symbol>
      <symbol id="sm-d0c">
         <name>lseek</name>
         <value>0xe933</value>
         <object_component_ref idref="oc-319"/>
      </symbol>
      <symbol id="sm-d0d">
         <name>read</name>
         <value>0xe859</value>
         <object_component_ref idref="oc-319"/>
      </symbol>
      <symbol id="sm-d0e">
         <name>rename</name>
         <value>0xe7f3</value>
         <object_component_ref idref="oc-319"/>
      </symbol>
      <symbol id="sm-d0f">
         <name>write</name>
         <value>0xe73d</value>
         <object_component_ref idref="oc-319"/>
      </symbol>
      <symbol id="sm-d10">
         <name>close</name>
         <value>0xe957</value>
         <object_component_ref idref="oc-319"/>
      </symbol>
      <symbol id="sm-d11">
         <name>unlink</name>
         <value>0xe7d1</value>
         <object_component_ref idref="oc-319"/>
      </symbol>
      <symbol id="sm-d21">
         <name>memchr</name>
         <value>0xffb1</value>
         <object_component_ref idref="oc-313"/>
      </symbol>
      <symbol id="sm-d3c">
         <name>memcpy</name>
         <value>0xfab7</value>
         <object_component_ref idref="oc-4d"/>
      </symbol>
      <symbol id="sm-d3d">
         <name>__aeabi_memcpy</name>
         <value>0xfab7</value>
         <object_component_ref idref="oc-4d"/>
      </symbol>
      <symbol id="sm-d3e">
         <name>__aeabi_memcpy8</name>
         <value>0xfab7</value>
         <object_component_ref idref="oc-4d"/>
      </symbol>
      <symbol id="sm-d3f">
         <name>__aeabi_memcpy4</name>
         <value>0xfab7</value>
         <object_component_ref idref="oc-4d"/>
      </symbol>
      <symbol id="sm-d4e">
         <name>__aeabi_memset</name>
         <value>0xfbef</value>
         <object_component_ref idref="oc-66"/>
      </symbol>
      <symbol id="sm-d4f">
         <name>memset</name>
         <value>0xfbf5</value>
         <object_component_ref idref="oc-66"/>
      </symbol>
      <symbol id="sm-d50">
         <name>__aeabi_memset8</name>
         <value>0xfbef</value>
         <object_component_ref idref="oc-66"/>
      </symbol>
      <symbol id="sm-d51">
         <name>__aeabi_memset4</name>
         <value>0xfbef</value>
         <object_component_ref idref="oc-66"/>
      </symbol>
      <symbol id="sm-d52">
         <name>__aeabi_memclr8</name>
         <value>0xfbed</value>
         <object_component_ref idref="oc-66"/>
      </symbol>
      <symbol id="sm-d53">
         <name>__aeabi_memclr4</name>
         <value>0xfbed</value>
         <object_component_ref idref="oc-66"/>
      </symbol>
      <symbol id="sm-d54">
         <name>__aeabi_memclr</name>
         <value>0xfbed</value>
         <object_component_ref idref="oc-66"/>
      </symbol>
      <symbol id="sm-d5e">
         <name>_system_post_cinit</name>
         <value>0xfc67</value>
         <object_component_ref idref="oc-f8"/>
      </symbol>
      <symbol id="sm-d6e">
         <name>strcat</name>
         <value>0xffd1</value>
         <object_component_ref idref="oc-224"/>
      </symbol>
      <symbol id="sm-d7e">
         <name>strchr</name>
         <value>0x10007</value>
         <object_component_ref idref="oc-35f"/>
      </symbol>
      <symbol id="sm-d8d">
         <name>strcmp</name>
         <value>0xffef</value>
         <object_component_ref idref="oc-21e"/>
      </symbol>
      <symbol id="sm-d9b">
         <name>strcpy</name>
         <value>0x10049</value>
         <object_component_ref idref="oc-20c"/>
      </symbol>
      <symbol id="sm-da9">
         <name>strlen</name>
         <value>0x1001d</value>
         <object_component_ref idref="oc-212"/>
      </symbol>
      <symbol id="sm-db9">
         <name>strncpy</name>
         <value>0xff4d</value>
         <object_component_ref idref="oc-218"/>
      </symbol>
      <symbol id="sm-de1">
         <name>HOSTgetenv</name>
         <value>0xe677</value>
         <object_component_ref idref="oc-39a"/>
      </symbol>
      <symbol id="sm-de2">
         <name>HOSTrename</name>
         <value>0xe521</value>
         <object_component_ref idref="oc-39a"/>
      </symbol>
      <symbol id="sm-de3">
         <name>HOSTclose</name>
         <value>0xe6b5</value>
         <object_component_ref idref="oc-39a"/>
      </symbol>
      <symbol id="sm-de4">
         <name>HOSTtime64</name>
         <value>0xe49d</value>
         <object_component_ref idref="oc-39a"/>
      </symbol>
      <symbol id="sm-de5">
         <name>HOSTunlink</name>
         <value>0xe465</value>
         <object_component_ref idref="oc-39a"/>
      </symbol>
      <symbol id="sm-de6">
         <name>HOSTlseek</name>
         <value>0xe61d</value>
         <object_component_ref idref="oc-39a"/>
      </symbol>
      <symbol id="sm-de7">
         <name>HOSTopen</name>
         <value>0xe5cd</value>
         <object_component_ref idref="oc-39a"/>
      </symbol>
      <symbol id="sm-de8">
         <name>HOSTclock</name>
         <value>0xe6ed</value>
         <object_component_ref idref="oc-39a"/>
      </symbol>
      <symbol id="sm-de9">
         <name>HOSTwrite</name>
         <value>0xe419</value>
         <object_component_ref idref="oc-39a"/>
      </symbol>
      <symbol id="sm-dea">
         <name>HOSTread</name>
         <value>0xe57f</value>
         <object_component_ref idref="oc-39a"/>
      </symbol>
      <symbol id="sm-deb">
         <name>HOSTtime</name>
         <value>0xe4e7</value>
         <object_component_ref idref="oc-39a"/>
      </symbol>
      <symbol id="sm-e06">
         <name>__TI_readmsg</name>
         <value>0xfd0f</value>
         <object_component_ref idref="oc-3c1"/>
      </symbol>
      <symbol id="sm-e07">
         <name>C$$IO$$</name>
         <value>0xfd0b</value>
         <object_component_ref idref="oc-3c1"/>
      </symbol>
      <symbol id="sm-e08">
         <name>__CIOBUF_</name>
         <value>0x8002158</value>
         <object_component_ref idref="oc-3d8"/>
      </symbol>
      <symbol id="sm-e09">
         <name>__TI_writemsg</name>
         <value>0xfcd9</value>
         <object_component_ref idref="oc-3c1"/>
      </symbol>
      <symbol id="sm-e15">
         <name>__aeabi_uidivmod</name>
         <value>0xfe64</value>
         <object_component_ref idref="oc-1d6"/>
      </symbol>
      <symbol id="sm-e16">
         <name>__aeabi_uidiv</name>
         <value>0xfe64</value>
         <object_component_ref idref="oc-1d6"/>
      </symbol>
      <symbol id="sm-e34">
         <name>__TI_wrt_ok</name>
         <value>0xfa09</value>
         <object_component_ref idref="oc-30d"/>
      </symbol>
      <symbol id="sm-e35">
         <name>__TI_rd_ok</name>
         <value>0xfa6d</value>
         <object_component_ref idref="oc-30d"/>
      </symbol>
      <symbol id="sm-e4e">
         <name>_nop</name>
         <value>0x10043</value>
         <object_component_ref idref="oc-24f"/>
      </symbol>
      <symbol id="sm-e4f">
         <name>_lock</name>
         <value>0x8002820</value>
         <object_component_ref idref="oc-128"/>
      </symbol>
      <symbol id="sm-e50">
         <name>_unlock</name>
         <value>0x8002824</value>
         <object_component_ref idref="oc-128"/>
      </symbol>
      <symbol id="sm-e51">
         <name>_register_lock</name>
         <value>0x1003b</value>
         <object_component_ref idref="oc-24f"/>
      </symbol>
      <symbol id="sm-e52">
         <name>_register_unlock</name>
         <value>0x10035</value>
         <object_component_ref idref="oc-24f"/>
      </symbol>
      <symbol id="sm-e64">
         <name>fseek</name>
         <value>0xfdb1</value>
         <object_component_ref idref="oc-34f"/>
      </symbol>
      <symbol id="sm-e6e">
         <name>__aeabi_idiv0</name>
         <value>0xfb53</value>
         <object_component_ref idref="oc-295"/>
      </symbol>
      <symbol id="sm-e8a">
         <name>setvbuf</name>
         <value>0xf6b5</value>
         <object_component_ref idref="oc-355"/>
      </symbol>
      <symbol id="sm-ec1">
         <name>__TI_cleanup</name>
         <value>0xf073</value>
         <object_component_ref idref="oc-387"/>
      </symbol>
      <symbol id="sm-ec2">
         <name>freopen</name>
         <value>0xf09f</value>
         <object_component_ref idref="oc-387"/>
      </symbol>
      <symbol id="sm-ec3">
         <name>fopen</name>
         <value>0xf0c9</value>
         <object_component_ref idref="oc-387"/>
      </symbol>
      <symbol id="sm-f2e">
         <name>_sys_memory</name>
         <value>0x8001500</value>
         <object_component_ref idref="oc-4a"/>
      </symbol>
      <symbol id="sm-f2f">
         <name>free</name>
         <value>0xddd7</value>
         <object_component_ref idref="oc-381"/>
      </symbol>
      <symbol id="sm-f30">
         <name>realloc</name>
         <value>0xde99</value>
         <object_component_ref idref="oc-381"/>
      </symbol>
      <symbol id="sm-f31">
         <name>memalign</name>
         <value>0xdfa9</value>
         <object_component_ref idref="oc-381"/>
      </symbol>
      <symbol id="sm-f32">
         <name>calloc</name>
         <value>0xe097</value>
         <object_component_ref idref="oc-381"/>
      </symbol>
      <symbol id="sm-f33">
         <name>malloc</name>
         <value>0xdd6f</value>
         <object_component_ref idref="oc-381"/>
      </symbol>
      <symbol id="sm-f34">
         <name>minit</name>
         <value>0xdce5</value>
         <object_component_ref idref="oc-381"/>
      </symbol>
      <symbol id="sm-f4a">
         <name>__TI_closefile</name>
         <value>0xfb55</value>
         <object_component_ref idref="oc-3b4"/>
      </symbol>
      <symbol id="sm-f4b">
         <name>fclose</name>
         <value>0xfbbb</value>
         <object_component_ref idref="oc-3b4"/>
      </symbol>
      <symbol id="sm-f4d">
         <name>__TI_static_base__</name>
         <value>0x0</value>
      </symbol>
      <symbol id="sm-f50">
         <name>SHT$$INIT_ARRAY$$Base</name>
         <value>0x0</value>
      </symbol>
      <symbol id="sm-f51">
         <name>SHT$$INIT_ARRAY$$Limit</name>
         <value>0x0</value>
      </symbol>
      <symbol id="sm-f52">
         <name>remove</name>
         <value>0xe7d1</value>
      </symbol>
   </symbol_table>
   <title>Link successful</title>
</link_info>
